{"id":"foo","isDuringSearch":false,"moveInfos":[{"lcb":0.656642629,"move":"Q5","order":0,"prior":0.747089922,"pv":["Q5","R5","Q6","R6","Q7"],"scoreLead":7.02096318,"scoreMean":7.02096318,"scoreSelfplay":7.33692155,"scoreStdev":30.8993188,"utility":0.2328212,"utilityLcb":0.360532423,"visits":9,"weight":9.0,"winrate":0.611031478}],"rootInfo":{"currentPlayer":"W","rawStScoreError":-1.0,"rawStWrError":-0.5,"rawVarTimeLeft":-1.0,"scoreLead":7.09317946,"scoreSelfplay":7.42596795,"scoreStdev":30.951090399999998,"symHash":"215BAF8265F4950EC41771439410160F","thisHash":"FA2C1B0E252C40AF31EB9DEC2CCCCD34","utility":0.239480094,"visits":10,"weight":10.0,"winrate":0.61395773},"turnNumber":2}
{"id":"foo","isDuringSearch":false,"moveInfos":[{"lcb":0.0908066748,"move":"D5","order":0,"prior":0.694336712,"pv":["D5","D3","E3"],"scoreLead":-10.678413,"scoreMean":-10.678413,"scoreSelfplay":-17.8136434,"scoreStdev":10.1127617,"utility":-0.876974662,"utilityLcb":-0.65032835,"visits":6,"weight":6.0,"winrate":0.00986156353},{"lcb":0.274267103,"move":"D4","order":1,"prior":0.259906083,"pv":["D4","D5","C4"],"scoreLead":-10.4551684,"scoreMean":-10.4551684,"scoreSelfplay":-19.9358568,"scoreStdev":11.2093222,"utility":-0.890828523,"utilityLcb":-0.137014841,"visits":3,"weight":3.0,"winrate":0.00504793056}],"ownership":[-0.377908,-0.472728,-0.400251,-0.413132,-0.359308,-0.270298,-0.201806,-0.446249,-0.451938,-0.323734,-0.481912,-0.429427,-0.307479,-0.200343,-0.359553,-0.488578,-0.890953,-0.672855,-0.373444,-0.288723,-0.1928,-0.361115,-0.477832,-0.454383,-0.433047,-0.419086,-0.204149,-0.162083,-0.245897,-0.251135,-0.382372,0.169173,-0.115148,-0.089997,-0.078641,-0.145908,-0.100867,0.016149,0.091416,0.029972,0.06124,0.030782,-0.04807,0.013095,0.058428,0.087736,0.095803,0.123612,0.098765],"policy":[2.45338142e-05,4.53767861e-05,3.75308118e-05,3.4369139e-05,3.60671183e-05,5.78527761e-05,4.14012284e-05,4.40490221e-05,0.000719440694,-1.0,0.00894457195,7.74770233e-05,8.57391278e-05,6.1455532e-05,4.40249205e-05,0.000144242338,-1.0,0.694336712,0.00568302488,9.57005541e-05,5.27259108e-05,4.51800115e-05,0.000205694145,0.00268000993,0.259906083,0.0210749451,9.02411412e-05,5.5012104e-05,5.03227893e-05,6.63370738e-05,0.000613481971,0.00346120214,0.000252987258,6.44720712e-05,4.31625704e-05,4.06826257e-05,7.47281738e-05,9.72333874e-05,7.27158331e-05,7.0824055e-05,6.57788551e-05,4.82647447e-05,4.50410516e-05,4.69558108e-05,4.99996495e-05,4.62141215e-05,4.29544998e-05,4.88409423e-05,3.75244417e-05,3.69180925e-05],"rootInfo":{"currentPlayer":"W","rawStScoreError":-1.0,"rawStWrError":-0.5,"rawVarTimeLeft":-1.0,"scoreLead":-11.4693062,"scoreSelfplay":-19.9182001,"scoreStdev":11.2522307,"symHash":"142D62B902727ED7A147F45224109E72","thisHash":"290AC1DB39349793CE09682AF7CA6A6E","utility":-0.910747299,"visits":10,"weight":10.0,"winrate":0.0080171415},"turnNumber":2}
{"id":"foo","isDuringSearch":false,"moveInfos":[{"lcb":0.288507016,"move":"D5","order":0,"prior":0.612090468,"pv":["D5","D6","D4"],"scoreLead":-1.68954319,"scoreMean":-1.68954319,"scoreSelfplay":-2.63235195,"scoreStdev":13.378037,"utility":-0.291877359,"utilityLcb":-0.481939179,"visits":7,"weight":7.0,"winrate":0.356386238},{"lcb":-0.34720539,"move":"D4","order":1,"prior":0.310260922,"pv":["D4","D5"],"scoreLead":-2.94438857,"scoreMean":-2.94438857,"scoreSelfplay":-4.28857267,"scoreStdev":12.2481958,"utility":-0.754973082,"utilityLcb":-2.304096,"visits":2,"weight":2.0,"winrate":0.206052795}],"ownership":[-0.142169,-0.243858,-0.272976,-0.140009,0.086308,0.043381,0.127612,-0.247047,-0.176303,-0.030179,-0.233411,0.123215,0.084242,0.086467,-0.184877,-0.325595,-0.622656,0.614386,0.090022,0.131709,0.094224,-0.069468,-0.0648,0.208591,-0.030044,0.099041,0.182085,0.084689,-0.004206,0.023637,0.079321,0.066585,0.11324,0.111402,0.086181,0.036472,0.070743,0.069758,0.09954,0.071539,0.108027,0.073706,0.052517,0.055714,0.056071,0.054355,0.059737,0.072066,0.094346],"policy":[5.90559539e-05,0.000464014942,-1.0,7.61950578e-05,0.000104330204,0.000135126291,0.000122205136,0.000133477151,0.000264561007,-1.0,0.0279946737,0.000225069962,0.000139003168,0.000141953496,7.11018438e-05,0.000759935414,-1.0,0.612090468,0.019295644,0.000146504142,0.000114206297,8.7636683e-05,0.000113454109,0.00353930308,0.310260922,0.0127884233,0.000119564989,0.00011881614,9.63182974e-05,0.000180803443,0.00080827187,0.00699941069,0.000631156319,0.000136605464,0.000105863968,0.000124025217,0.000109793313,0.000141023935,0.000114052724,0.000139429219,0.000116800387,0.000113895119,0.000126400148,0.000120532859,9.44036365e-05,0.000104627929,9.91108463e-05,0.000105424202,0.000105429128,6.08757e-05],"rootInfo":{"currentPlayer":"B","rawStScoreError":-1.0,"rawStWrError":-0.5,"rawVarTimeLeft":-1.0,"scoreLead":-1.80757854,"scoreSelfplay":-2.70347327,"scoreStdev":13.3390415,"symHash":"478E9637C4E9D7DD298C5EDA99EA7431","thisHash":"90E43B353BA64F45F3186642D389E6E7","utility":-0.332081912,"visits":10,"weight":10.0,"winrate":0.345550871},"turnNumber":3}
{"id":"foo","isDuringSearch":false,"moveInfos":[{"lcb":0.194081829,"move":"D5","order":0,"prior":0.612090468,"pv":["D5","D4","C4","B5","E4"],"scoreLead":-1.82040641,"scoreMean":-1.82040641,"scoreSelfplay":-2.93029889,"scoreStdev":12.9008282,"utility":-0.457859134,"utilityLcb":-0.777482788,"visits":16,"weight":16.0,"winrate":0.308233134},{"lcb":-0.0623825843,"move":"D4","order":1,"prior":0.310260922,"pv":["D4","D5","E5"],"scoreLead":-2.59038905,"scoreMean":-2.59038905,"scoreSelfplay":-3.97173214,"scoreStdev":12.1992103,"utility":-0.600103202,"utilityLcb":-1.3872723,"visits":3,"weight":3.0,"winrate":0.218749235}],"ownership":[-0.076745,-0.180073,-0.230928,-0.093141,0.035493,0.001355,0.072197,-0.175824,0.003957,0.087741,-0.183882,0.104591,0.068346,0.056489,-0.133441,-0.267325,-0.490499,0.702796,0.246049,0.129841,0.073855,-0.07158,-0.037739,0.122035,-0.085859,0.131758,0.173403,0.083124,-0.024762,-0.026832,0.033871,-0.007419,0.09322,0.100576,0.094527,0.016759,0.033097,0.015161,0.081621,0.055704,0.10511,0.090365,0.028346,0.05237,0.040722,0.04532,0.059747,0.099248,0.114559],"ownershipStdev":[0.392209,0.349335,0.347727,0.330862,0.313722,0.285425,0.239634,0.3421,0.507272,0.47183,0.472422,0.303753,0.303779,0.240401,0.274839,0.300723,0.354113,0.266491,0.250813,0.202193,0.167035,0.201943,0.219803,0.387256,0.61016,0.243314,0.168961,0.173306,0.180825,0.228623,0.263668,0.316538,0.194802,0.209368,0.166544,0.148985,0.180974,0.188989,0.18179,0.186986,0.167815,0.14479,0.132506,0.17129,0.149549,0.134602,0.129067,0.164111,0.129268],"policy":[5.90559539e-05,0.000464014942,-1.0,7.61950578e-05,0.000104330204,0.000135126291,0.000122205136,0.000133477151,0.000264561007,-1.0,0.0279946737,0.000225069962,0.000139003168,0.000141953496,7.11018438e-05,0.000759935414,-1.0,0.612090468,0.019295644,0.000146504142,0.000114206297,8.7636683e-05,0.000113454109,0.00353930308,0.310260922,0.0127884233,0.000119564989,0.00011881614,9.63182974e-05,0.000180803443,0.00080827187,0.00699941069,0.000631156319,0.000136605464,0.000105863968,0.000124025217,0.000109793313,0.000141023935,0.000114052724,0.000139429219,0.000116800387,0.000113895119,0.000126400148,0.000120532859,9.44036365e-05,0.000104627929,9.91108463e-05,0.000105424202,0.000105429128,6.08757e-05],"rootInfo":{"currentPlayer":"B","rawStScoreError":-1.0,"rawStWrError":-0.5,"rawVarTimeLeft":-1.0,"scoreLead":-1.91973428,"scoreSelfplay":-3.02081009,"scoreStdev":12.862736,"symHash":"478E9637C4E9D7DD298C5EDA99EA7431","thisHash":"90E43B353BA64F45F3186642D389E6E7","utility":-0.465833918,"visits":20,"weight":20.0,"winrate":0.299858961},"turnNumber":3}
