: Running with following config:
cudaUseFP16 = false
cudaUseNHWC = false
forDeterministicTesting = true
logAllRequests = true
logAllResponses = true
logFile = tests/results/analysis/pvvisits.txt.log
logSearchInfo = true
logTimeStamp = false
maxPlayouts = 10000
maxVisits = 100
nnCacheSizePowerOfTwo = 23
nnMaxBatchSize = 64
nnMutexPoolSizePowerOfTwo = 17
nnRandSeed = analysisTest
nnRandomize = false
numAnalysisThreads = 1
numSearchThreads = 1
openclUseFP16 = false
reportAnalysisWinratesAs = BLACK
rootSymmetryPruning = false
trtUseFP16 = false

: Analysis Engine starting...
: KataGo v1.14.1
: nnRandSeed0 = analysisTest
: After dedups: nnModelFile0 = tests/models/g170-b6c96-s175395328-d26788732.bin.gz useFP16 false useNHWC false
: Initializing neural net buffer to be size 19 * 19 allowing smaller boards
: Cuda backend thread 0: Found GPU NVIDIA RTX A5000 memory 25425608704 compute capability major 8 minor 6
: Cuda backend thread 0: Model version 8 useFP16 = false useNHWC = false
: Cuda backend thread 0: Model name: g170-b6c96-s175395328-d26788732
: Loaded config configs/analysis_example.cfg and/or command-line and query overrides
: Loaded model tests/models/g170-b6c96-s175395328-d26788732.bin.gz
: Config override: cudaUseFP16 = false
: Config override: cudaUseNHWC = false
: Config override: forDeterministicTesting = true
: Config override: logAllRequests = true
: Config override: logAllResponses = true
: Config override: logDir = 
: Config override: logFile = tests/results/analysis/pvvisits.txt.log
: Config override: logSearchInfo = true
: Config override: logTimeStamp = false
: Config override: maxPlayouts = 10000
: Config override: maxVisits = 100
: Config override: nnRandSeed = analysisTest
: Config override: nnRandomize = false
: Config override: numAnalysisThreads = 1
: Config override: numSearchThreadsPerAnalysisThread = 1
: Config override: openclUseFP16 = false
: Config override: rootSymmetryPruning = false
: Config override: trtUseFP16 = false
: Analyzing up to 1 positions at a time in parallel
: Started, ready to begin handling requests
: Request: {"id":"pvvisittest","initialStones":[],"moves":[["B","D4"],["W","D5"],["B","C5"],["W","E4"],["B","D3"],["W","C6"],["B","E5"],["W","D6"]],"rules":"tromp-taylor","komi":9,"boardXSize":7,"boardYSize":7,"overrideSettings":{"maxVisits":1000},"includePVVisits":true}
: Request: {"id":"pvvisittest","initialStones":[],"moves":[["B","D4"],["W","D5"],["B","C5"],["W","E4"],["B","D3"],["W","E5"],["B","C6"],["W","E3"],["B","E2"],["W","F2"],["B","D2"],["W","C4"],["B","D6"],["W","B4"]],"rules":"chinese","komi":9,"boardXSize":7,"boardYSize":7,"overrideSettings":{"maxVisits":1000},"includePVVisits":true}
: MoveNum: 8 HASH: 68923BD112145D32565C85CE0EF9CB35
   A B C D E F G
 7 . . . . . . .
 6 . . O1O3. . .
 5 . . X O X2. .
 4 . . . X O . .
 3 . . . X . . .
 2 . . . . . . .
 1 . . . . . . .

koPOSITIONALscoreAREAtaxNONEsui1komi9
Root visits: 1000
New playouts: 1000
NN rows: 872
NN batches: 872
NN avg batch size: 1
PV: E3 F4 F5 F6 F3 C4 B5 B4 B6 B7 B3 A5 C3 A6 E6
Tree:
: T   5.21c W  12.97c S  -4.34c ( +0.4 L  +0.4) N    1000  --  E3 F4 F5 F6 F3 C4 B5
---Black(^)---
E3  : T  18.76c W  23.80c S  -4.06c ( +0.9 L  +0.9) LCB    6.77c P  2.45% WF 491.0 PSV     436 N     445  --  E3 F4 F5 F6 F3 C4 B5 B4
F4  : T -11.84c W  -3.00c S  -5.67c ( -0.2 L  -0.2) LCB  -31.86c P 40.26% WF 151.5 PSV      80 N     175  --  F4 C4 C3 B5 B4 F5 E3 E6
E6  : T -22.97c W -11.30c S  -4.94c ( -0.9 L  -1.0) LCB  -45.00c P 38.58% WF  71.9 PSV      56 N      90  --  E6 E3 E2 F2 B5 B6 D2 F5
F5  : T  -2.24c W   8.82c S  -4.25c ( +0.2 L  +0.1) LCB  -19.85c P 17.70% WF 273.0 PSV      51 N     288  --  F5 B5 C4 B4 B3 E3 D2 E2
B5  : T -85.42c W -71.59c S -13.83c ( -4.9 L  -4.3) LCB -435.42c P  0.79% WF   0.8 PSV       0 N       1  --  B5

: Response: {"id":"pvvisittest","isDuringSearch":false,"moveInfos":[{"lcb":0.576144837,"move":"E3","order":0,"prior":0.02454146,"pv":["E3","F4","F5","F6","F3","C4","B5","B4","B6","B7","B3","A5","C3","A6","E6"],"pvEdgeVisits":[445,260,252,204,187,91,72,59,44,15,9,6,4,3,1],"pvVisits":[445,260,252,204,187,91,72,59,44,15,9,6,4,3,1],"scoreLead":0.895851882,"scoreMean":0.895851882,"scoreSelfplay":0.948782204,"scoreStdev":7.06710662,"utility":0.187633723,"utilityLcb":0.0676906305,"visits":445,"weight":436.2892441773171,"winrate":0.618981655},{"lcb":0.413470912,"move":"F4","order":1,"prior":0.402600557,"pv":["F4","C4","C3","B5","B4","F5","E3","E6","C5","E4","B6","C4","E5"],"pvEdgeVisits":[175,137,116,111,83,34,19,16,6,5,3,2,1],"pvVisits":[175,137,116,111,83,34,19,16,6,5,3,2,1],"scoreLead":-0.166785828,"scoreMean":-0.166785828,"scoreSelfplay":-0.171995216,"scoreStdev":9.37924098,"utility":-0.118357017,"utilityLcb":-0.318602815,"visits":175,"weight":174.58808009238538,"winrate":0.484987269},{"lcb":0.364824336,"move":"E6","order":2,"prior":0.385828495,"pv":["E6","E3","E2","F2","B5","B6","D2","F5","F6"],"pvEdgeVisits":[90,59,31,28,5,3,3,2,1],"pvVisits":[90,59,31,28,5,6,3,2,1],"scoreLead":-1.03605228,"scoreMean":-1.03605228,"scoreSelfplay":-0.864638559,"scoreStdev":15.7924728,"utility":-0.229711114,"utilityLcb":-0.450006412,"visits":90,"weight":89.91183238006079,"winrate":0.443501228},{"lcb":0.481192713,"move":"F5","order":3,"prior":0.176965386,"pv":["F5","B5","C4","B4","B3","E3","D2","E2","F4","B2","A4","A5","B6"],"pvEdgeVisits":[288,257,157,117,91,80,70,46,21,17,6,4,1],"pvVisits":[288,257,157,117,91,80,70,46,21,17,6,4,1],"scoreLead":0.143643325,"scoreMean":0.143643325,"scoreSelfplay":0.20056233,"scoreStdev":11.6681427,"utility":-0.0223721301,"utilityLcb":-0.198490681,"visits":288,"weight":286.4076712408208,"winrate":0.544092196},{"lcb":-1.10796356,"move":"B5","order":4,"prior":0.00792722125,"pv":["B5"],"pvEdgeVisits":[1],"pvVisits":[1],"scoreLead":-4.31707621,"scoreMean":-4.31707621,"scoreSelfplay":-4.92623758,"scoreStdev":10.3025952,"utility":-0.854210708,"utilityLcb":-4.35421073,"visits":1,"weight":1.0,"winrate":0.142036445}],"rootInfo":{"currentPlayer":"B","rawStScoreError":-1.0,"rawStWrError":-0.5,"rawVarTimeLeft":-1.0,"scoreLead":0.527511116,"scoreSelfplay":0.586124434,"scoreStdev":8.95513798,"symHash":"10155F672C0B5682E08EB339027AD849","thisHash":"E2B811FEE059E65F93697CB1DE35B543","utility":0.0945305547,"visits":1000,"weight":989.196827890584,"winrate":0.580240356},"turnNumber":8}
: MoveNum: 14 HASH: B56076090A467FAA5A715507E32E1149
   A B C D E F G
 7 . . . . . . .
 6 . . X X2. . .
 5 . . X O O . .
 4 . O3O1X O . .
 3 . . . X O . .
 2 . . . X X O .
 1 . . . . . . .

koSIMPLEscoreAREAtaxNONEsui0whbNfpok1komi9
Root visits: 1000
New playouts: 1000
NN rows: 1759
NN batches: 1759
NN avg batch size: 1
PV: C3 E6 F1 B5 B6 D7 A6 F3 C7 E7 A4 G2 E1 G1 B3 pass A5 pass pass
Tree:
: T  29.12c W  30.49c S  -2.12c ( +1.1 L  +1.0) N    1000  --  C3 E6 F1 B5 B6 D7 A6
---Black(^)---
C3  : T  35.33c W  35.95c S  -1.69c ( +1.4 L  +1.3) LCB   27.92c P  9.62% WF 832.7 PSV     788 N     794  --  C3 E6 F1 B5 B6 D7 A6 F3
F1  : T   6.94c W   9.64c S  -1.95c ( +0.7 L  +0.7) LCB  -14.78c P 26.20% WF  80.3 PSV      48 N      98  --  F1 E6 B5 B2 C2 B3 F3 D7
B2  : T   4.41c W   8.33c S  -4.08c ( +0.1 L  +0.2) LCB  -33.89c P 19.58% WF  60.8 PSV      33 N      75  --  B2 E6 B5 D7 C7 E7 F1 A6
E6  : T -70.25c W -48.51c S -12.16c ( -6.6 L  -6.9) LCB -125.42c P 20.50% WF   7.3 PSV      10 N      13  --  E6 C3 C2 B2 B1
B5  : T -56.79c W -49.00c S -10.78c ( -5.9 L  -5.7) LCB  -89.37c P 10.33% WF   5.1 PSV       6 N       8  --  B5 B2 C2 B3 F1
B3  : T -88.36c W -51.05c S -16.58c (-10.7 L  -9.1) LCB -146.48c P 12.48% WF   4.4 PSV       5 N       8  --  B3 C3 C2 B2 F1
F3  : T -57.34c W -46.99c S -10.35c ( -4.7 L  -4.4) LCB -407.34c P  0.94% WF   0.8 PSV       0 N       1  --  F3
G2  : T -68.87c W -56.04c S -12.82c ( -6.5 L  -5.7) LCB -418.87c P  0.10% WF   0.7 PSV       0 N       1  --  G2
F6  : T -99.43c W -79.75c S -19.68c (-13.9 L -12.0) LCB -449.43c P  0.08% WF   0.7 PSV       0 N       1  --  F6

: Response: {"id":"pvvisittest","isDuringSearch":false,"moveInfos":[{"lcb":0.653260212,"move":"C3","order":0,"prior":0.0962024257,"pv":["C3","E6","F1","B5","B6","D7","A6","F3","C7","E7","A4","G2","E1","G1","B3","pass"],"pvEdgeVisits":[794,510,489,376,374,109,90,74,68,57,18,13,10,8,6,5],"pvVisits":[794,510,489,376,374,109,90,74,68,57,18,13,10,8,6,5],"scoreLead":1.3150495,"scoreMean":1.3150495,"scoreSelfplay":1.39144353,"scoreStdev":9.87923903,"utility":0.353299097,"utilityLcb":0.279158179,"visits":794,"weight":787.848024742123,"winrate":0.679739111},{"lcb":0.470624955,"move":"F1","order":1,"prior":0.26197353,"pv":["F1","E6","B5","B2","C2","B3","F3","D7","C7","E7"],"pvEdgeVisits":[98,57,52,46,22,15,11,4,2,1],"pvVisits":[98,57,52,46,22,15,11,4,2,1],"scoreLead":0.705849116,"scoreMean":0.705849116,"scoreSelfplay":0.745466093,"scoreStdev":17.311162,"utility":0.0694341054,"utilityLcb":-0.147809369,"visits":98,"weight":97.87205891769796,"winrate":0.54821191},{"lcb":0.404857789,"move":"B2","order":2,"prior":0.195831671,"pv":["B2","E6","B5","D7","C7","E7","F1","A6","A4","A5"],"pvEdgeVisits":[75,65,60,32,27,18,12,5,2,1],"pvVisits":[75,65,60,32,27,18,12,5,2,1],"scoreLead":0.198063489,"scoreMean":0.198063489,"scoreSelfplay":0.146578995,"scoreStdev":10.1659896,"utility":0.0441138367,"utilityLcb":-0.338869002,"visits":75,"weight":75.0,"winrate":0.541637374},{"lcb":0.0604179407,"move":"E6","order":3,"prior":0.205003202,"pv":["E6","C3","C2","B2","B1"],"pvEdgeVisits":[13,9,3,2,1],"pvVisits":[13,9,3,2,1],"scoreLead":-6.856007,"scoreMean":-6.856007,"scoreSelfplay":-6.5684465,"scoreStdev":16.1251073,"utility":-0.702514204,"utilityLcb":-1.25422139,"visits":13,"weight":13.0,"winrate":0.25745622},{"lcb":0.138651451,"move":"B5","order":4,"prior":0.103324503,"pv":["B5","B2","C2","B3","F1"],"pvEdgeVisits":[8,7,3,2,1],"pvVisits":[8,7,3,2,1],"scoreLead":-5.7190141,"scoreMean":-5.7190141,"scoreSelfplay":-5.94090324,"scoreStdev":17.3587215,"utility":-0.567943269,"utilityLcb":-0.893714615,"visits":8,"weight":8.0,"winrate":0.25499836},{"lcb":0.0371862715,"move":"B3","order":5,"prior":0.124847688,"pv":["B3","C3","C2","B2","F1"],"pvEdgeVisits":[8,7,3,2,1],"pvVisits":[8,7,3,2,1],"scoreLead":-9.08158263,"scoreMean":-9.08158263,"scoreSelfplay":-10.6984204,"scoreStdev":17.1115137,"utility":-0.883598841,"utilityLcb":-1.46482418,"visits":8,"weight":8.0,"winrate":0.24476675},{"lcb":-0.984935007,"move":"F3","order":6,"prior":0.0093508726,"pv":["F3"],"pvEdgeVisits":[1],"pvVisits":[1],"scoreLead":-4.40907907,"scoreMean":-4.40907907,"scoreSelfplay":-4.69520855,"scoreStdev":14.6438342,"utility":-0.573374275,"utilityLcb":-4.07337429,"visits":1,"weight":1.0,"winrate":0.265064999},{"lcb":-1.03020903,"move":"G2","order":7,"prior":0.00097869942,"pv":["G2"],"pvEdgeVisits":[1],"pvVisits":[1],"scoreLead":-5.69712353,"scoreMean":-5.69712353,"scoreSelfplay":-6.53461885,"scoreStdev":14.8006154,"utility":-0.688659477,"utilityLcb":-4.1886595,"visits":1,"weight":1.0,"winrate":0.219790973},{"lcb":-1.14875592,"move":"F6","order":8,"prior":0.000808851677,"pv":["F6"],"pvEdgeVisits":[1],"pvVisits":[1],"scoreLead":-12.0079832,"scoreMean":-12.0079832,"scoreSelfplay":-13.8820801,"scoreStdev":17.5412446,"utility":-0.994288892,"utilityLcb":-4.49428891,"visits":1,"weight":1.0,"winrate":0.101244085}],"rootInfo":{"currentPlayer":"B","rawStScoreError":-1.0,"rawStWrError":-0.5,"rawVarTimeLeft":-1.0,"scoreLead":1.04405927,"scoreSelfplay":1.10615854,"scoreStdev":10.7213318,"symHash":"0CAA03496D1088226717248B65E75E44","thisHash":"3F4A5C26F80BC4C79F44AC7833E26F3F","utility":0.301603829,"visits":1000,"weight":993.720083659821,"winrate":0.657505248},"turnNumber":14}
: tests/models/g170-b6c96-s175395328-d26788732.bin.gz
: NN rows: 1759
: NN batches: 1759
: NN avg batch size: 1
: GPU -1 finishing, processed 1759 rows 1759 batches
: All cleaned up, quitting
