: Running with following config:
cudaUseFP16 = false
cudaUseNHWC = false
forDeterministicTesting = true
logAllRequests = true
logAllResponses = true
logFile = tests/results/analysis/pvvisits_nograph.txt.log
logSearchInfo = true
logTimeStamp = false
maxVisits = 500
nnCacheSizePowerOfTwo = 23
nnMaxBatchSize = 64
nnMutexPoolSizePowerOfTwo = 17
nnRandSeed = analysisTest
nnRandomize = false
numAnalysisThreads = 1
numSearchThreads = 1
openclUseFP16 = false
reportAnalysisWinratesAs = BLACK
rootSymmetryPruning = false
trtUseFP16 = false
useGraphSearch = false

: Analysis Engine starting...
: KataGo v1.14.1
: nnRandSeed0 = analysisTest
: After dedups: nnModelFile0 = tests/models/g170-b6c96-s175395328-d26788732.bin.gz useFP16 false useNHWC false
: Initializing neural net buffer to be size 19 * 19 allowing smaller boards
: Cuda backend thread 0: Found GPU NVIDIA RTX A5000 memory 25425608704 compute capability major 8 minor 6
: Cuda backend thread 0: Model version 8 useFP16 = false useNHWC = false
: Cuda backend thread 0: Model name: g170-b6c96-s175395328-d26788732
: Loaded config configs/analysis_example.cfg and/or command-line and query overrides
: Loaded model tests/models/g170-b6c96-s175395328-d26788732.bin.gz
: Config override: cudaUseFP16 = false
: Config override: cudaUseNHWC = false
: Config override: forDeterministicTesting = true
: Config override: logAllRequests = true
: Config override: logAllResponses = true
: Config override: logDir = 
: Config override: logFile = tests/results/analysis/pvvisits_nograph.txt.log
: Config override: logSearchInfo = true
: Config override: logTimeStamp = false
: Config override: nnRandSeed = analysisTest
: Config override: nnRandomize = false
: Config override: numAnalysisThreads = 1
: Config override: numSearchThreadsPerAnalysisThread = 1
: Config override: openclUseFP16 = false
: Config override: rootSymmetryPruning = false
: Config override: trtUseFP16 = false
: Config override: useGraphSearch = false
: Analyzing up to 1 positions at a time in parallel
: Started, ready to begin handling requests
: Request: {"id":"pvvisittest","initialStones":[],"moves":[["B","D4"],["W","D5"],["B","C5"],["W","E4"],["B","D3"],["W","C6"],["B","E5"],["W","D6"]],"rules":"tromp-taylor","komi":9,"boardXSize":7,"boardYSize":7,"overrideSettings":{"maxVisits":1000},"includePVVisits":true}
: Request: {"id":"pvvisittest","initialStones":[],"moves":[["B","D4"],["W","D5"],["B","C5"],["W","E4"],["B","D3"],["W","E5"],["B","C6"],["W","E3"],["B","E2"],["W","F2"],["B","D2"],["W","C4"],["B","D6"],["W","B4"]],"rules":"chinese","komi":9,"boardXSize":7,"boardYSize":7,"overrideSettings":{"maxVisits":1000},"includePVVisits":true}
: MoveNum: 8 HASH: 68923BD112145D32565C85CE0EF9CB35
   A B C D E F G
 7 . . . . . . .
 6 . . O1O3. . .
 5 . . X O X2. .
 4 . . . X O . .
 3 . . . X . . .
 2 . . . . . . .
 1 . . . . . . .

koPOSITIONALscoreAREAtaxNONEsui1komi9
Root visits: 1000
New playouts: 1000
NN rows: 767
NN batches: 767
NN avg batch size: 1
PV: F5 F4 F3 F6 E3 E6 B5 G5 B6 C4 B4 G3 F2 G2 B7 F1
Tree:
: T  15.75c W  19.85c S  -2.84c ( +1.2 L  +1.1) N    1000  --  F5 F4 F3 F6 E3 E6 B5
---Black(^)---
F5  : T  21.85c W  25.46c S  -2.01c ( +1.6 L  +1.5) LCB   11.94c P 17.70% WF 658.6 PSV     619 N     627  --  F5 F4 F3 F6 E3 E6 B5 G5
F4  : T  -2.11c W   4.15c S  -4.87c ( +0.2 L  +0.2) LCB  -22.68c P 40.26% WF 134.3 PSV      88 N     159  --  F4 C4 C3 B5 B4 F5 E3 E6
E6  : T -15.21c W  -9.29c S  -4.40c ( -0.5 L  -0.7) LCB  -41.09c P 38.58% WF  57.8 PSV      56 N      75  --  E6 F4 F5 C4 B5 C3 E3 B6
E3  : T  17.63c W  21.16c S  -4.30c ( +0.9 L  +0.8) LCB   -1.29c P  2.45% WF 137.7 PSV      23 N     136  --  E3 F4 F5 F6 F3 E6 B5 G5
B5  : T -85.42c W -71.59c S -13.83c ( -4.9 L  -4.3) LCB -435.42c P  0.79% WF   0.7 PSV       0 N       1  --  B5
B6  : T -83.23c W -70.80c S -12.42c ( -4.9 L  -3.1) LCB -433.23c P  0.04% WF   0.6 PSV       0 N       1  --  B6

: Response: {"id":"pvvisittest","isDuringSearch":false,"moveInfos":[{"lcb":0.591928408,"move":"F5","order":0,"prior":0.176965386,"pv":["F5","F4","F3","F6","E3","E6","B5","G5","B6","C4","B4","G3","F2","G2","B7","F1"],"pvEdgeVisits":[627,235,181,146,87,69,58,55,53,25,12,9,5,3,2,1],"pvVisits":[627,235,181,146,87,69,58,55,53,25,12,9,5,3,2,1],"scoreLead":1.46355895,"scoreMean":1.46355895,"scoreSelfplay":1.62925093,"scoreStdev":9.34625498,"utility":0.218477765,"utilityLcb":0.119404701,"visits":627,"weight":618.6863834701693,"winrate":0.627311645},{"lcb":0.447296295,"move":"F4","order":1,"prior":0.402600557,"pv":["F4","C4","C3","B5","B4","F5","E3","E6","C5","E4","B6","C4","E5"],"pvEdgeVisits":[159,120,107,102,79,28,17,14,6,5,3,2,1],"pvVisits":[159,120,107,102,79,28,17,14,6,5,3,2,1],"scoreLead":0.206576491,"scoreMean":0.206576491,"scoreSelfplay":0.2047035,"scoreStdev":9.49165075,"utility":-0.0211445185,"utilityLcb":-0.226782616,"visits":159,"weight":158.94999777672297,"winrate":0.520738473},{"lcb":0.361101506,"move":"E6","order":2,"prior":0.385828495,"pv":["E6","F4","F5","C4","B5","C3","E3","B6"],"pvEdgeVisits":[75,32,21,13,9,7,3,1],"pvVisits":[75,32,21,13,9,7,3,1],"scoreLead":-0.720338329,"scoreMean":-0.720338329,"scoreSelfplay":-0.476724717,"scoreStdev":15.7024267,"utility":-0.15206012,"utilityLcb":-0.410910636,"visits":75,"weight":74.95640186218786,"winrate":0.453548119},{"lcb":0.538256496,"move":"E3","order":3,"prior":0.02454146,"pv":["E3","F4","F5","F6","F3","E6","B5","G5","B6","G3","F2","B7","G2","A6"],"pvEdgeVisits":[136,76,72,62,46,34,18,17,15,13,7,3,2,1],"pvVisits":[136,76,72,62,46,34,18,17,15,13,7,3,2,1],"scoreLead":0.805133742,"scoreMean":0.805133742,"scoreSelfplay":0.853366492,"scoreStdev":7.03455412,"utility":0.176267255,"utilityLcb":-0.0128601698,"visits":136,"weight":135.43366238637162,"winrate":0.605802004},{"lcb":-1.10796356,"move":"B5","order":4,"prior":0.00792722125,"pv":["B5"],"pvEdgeVisits":[1],"pvVisits":[1],"scoreLead":-4.31707621,"scoreMean":-4.31707621,"scoreSelfplay":-4.92623758,"scoreStdev":10.3025952,"utility":-0.854210708,"utilityLcb":-4.35421073,"visits":1,"weight":1.0,"winrate":0.142036445},{"lcb":-1.1040134,"move":"B6","order":5,"prior":0.000405515049,"pv":["B6"],"pvEdgeVisits":[1],"pvVisits":[1],"scoreLead":-3.13026214,"scoreMean":-3.13026214,"scoreSelfplay":-4.92319059,"scoreStdev":12.387275,"utility":-0.832262124,"utilityLcb":-4.33226214,"visits":1,"weight":1.0,"winrate":0.145986609}],"rootInfo":{"currentPlayer":"B","rawStScoreError":-1.0,"rawStWrError":-0.5,"rawVarTimeLeft":-1.0,"scoreLead":1.14956459,"scoreSelfplay":1.3002113,"scoreStdev":9.91683767,"symHash":"10155F672C0B5682E08EB339027AD849","thisHash":"E2B811FEE059E65F93697CB1DE35B543","utility":0.164579532,"visits":1000,"weight":990.830583888664,"winrate":0.602610306},"turnNumber":8}
: MoveNum: 14 HASH: B56076090A467FAA5A715507E32E1149
   A B C D E F G
 7 . . . . . . .
 6 . . X X2. . .
 5 . . X O O . .
 4 . O3O1X O . .
 3 . . . X O . .
 2 . . . X X O .
 1 . . . . . . .

koSIMPLEscoreAREAtaxNONEsui0whbNfpok1komi9
Root visits: 1000
New playouts: 1000
NN rows: 1663
NN batches: 1663
NN avg batch size: 1
PV: C3 E6 F1 B5 B6 D7 A6 F3 C7 E7 A4 G2 E1 G1 B3 pass A5 pass pass
Tree:
: T  28.89c W  30.07c S  -2.29c ( +1.0 L  +1.0) N    1000  --  C3 E6 F1 B5 B6 D7 A6
---Black(^)---
C3  : T  35.61c W  35.87c S  -1.85c ( +1.3 L  +1.3) LCB   28.03c P  9.62% WF 829.6 PSV     781 N     785  --  C3 E6 F1 B5 B6 D7 A6 F3
F1  : T   6.02c W   9.47c S  -2.01c ( +0.7 L  +0.7) LCB  -15.76c P 26.20% WF  82.3 PSV      47 N     101  --  F1 E6 B5 B2 C2 B3 F3 D7
B2  : T   2.16c W   6.51c S  -4.27c ( +0.1 L  +0.1) LCB  -35.49c P 19.58% WF  62.1 PSV      31 N      78  --  B2 E6 B5 D7 C7 E7 F1 A6
E6  : T -67.59c W -48.42c S -12.11c ( -6.6 L  -6.9) LCB -114.91c P 20.50% WF   8.4 PSV      10 N      15  --  E6 C3 C2 B2 F1 F3 B1
B5  : T -59.09c W -50.26c S -10.85c ( -6.1 L  -5.9) LCB  -84.26c P 10.33% WF   5.6 PSV       5 N       9  --  B5 B2 C2 B3 F1 F3
B3  : T -88.36c W -51.05c S -16.58c (-10.7 L  -9.1) LCB -146.48c P 12.48% WF   4.4 PSV       5 N       8  --  B3 C3 C2 B2 F1
F3  : T -57.34c W -46.99c S -10.35c ( -4.7 L  -4.4) LCB -407.34c P  0.94% WF   0.8 PSV       0 N       1  --  F3
G2  : T -68.87c W -56.04c S -12.82c ( -6.5 L  -5.7) LCB -418.87c P  0.10% WF   0.7 PSV       0 N       1  --  G2
F6  : T -99.43c W -79.75c S -19.68c (-13.9 L -12.0) LCB -449.43c P  0.08% WF   0.7 PSV       0 N       1  --  F6

: Response: {"id":"pvvisittest","isDuringSearch":false,"moveInfos":[{"lcb":0.65230349,"move":"C3","order":0,"prior":0.0962024257,"pv":["C3","E6","F1","B5","B6","D7","A6","F3","C7","E7","A4","G2","E1","G1","B3","pass"],"pvEdgeVisits":[785,522,501,390,388,120,92,75,70,57,21,16,13,10,7,6],"pvVisits":[785,522,501,390,388,120,92,75,70,57,21,16,13,10,7,6],"scoreLead":1.25093543,"scoreMean":1.25093543,"scoreSelfplay":1.32817804,"scoreStdev":9.64760099,"utility":0.356092838,"utilityLcb":0.280305192,"visits":785,"weight":780.7061719679145,"winrate":0.679370506},{"lcb":0.469577493,"move":"F1","order":1,"prior":0.26197353,"pv":["F1","E6","B5","B2","C2","B3","F3","D7","C7","E7"],"pvEdgeVisits":[101,60,55,49,21,14,10,3,2,1],"pvVisits":[101,60,55,49,21,14,10,3,2,1],"scoreLead":0.716939314,"scoreMean":0.716939314,"scoreSelfplay":0.70528133,"scoreStdev":17.2414901,"utility":0.0602392259,"utilityLcb":-0.157562641,"visits":101,"weight":100.87205891769796,"winrate":0.547363874},{"lcb":0.398107946,"move":"B2","order":2,"prior":0.195831671,"pv":["B2","E6","B5","D7","C7","E7","F1","A6","A4","A5"],"pvEdgeVisits":[78,68,63,35,27,18,12,5,2,1],"pvVisits":[78,68,63,35,27,18,12,5,2,1],"scoreLead":0.112416948,"scoreMean":0.112416948,"scoreSelfplay":0.0631957876,"scoreStdev":10.0845107,"utility":0.021628375,"utilityLcb":-0.354870246,"visits":78,"weight":78.0,"winrate":0.532571739},{"lcb":0.0889277873,"move":"E6","order":3,"prior":0.205003202,"pv":["E6","C3","C2","B2","F1","F3","B1"],"pvEdgeVisits":[15,11,6,5,3,2,1],"pvVisits":[15,11,6,5,3,2,1],"scoreLead":-6.94398646,"scoreMean":-6.94398646,"scoreSelfplay":-6.64753598,"scoreStdev":16.4312323,"utility":-0.675901545,"utilityLcb":-1.14907914,"visits":15,"weight":15.0,"winrate":0.257919787},{"lcb":0.158760274,"move":"B5","order":4,"prior":0.103324503,"pv":["B5","B2","C2","B3","F1","F3"],"pvEdgeVisits":[9,8,4,3,2,1],"pvVisits":[9,8,4,3,2,1],"scoreLead":-5.89393274,"scoreMean":-5.89393274,"scoreSelfplay":-6.11950252,"scoreStdev":17.7067492,"utility":-0.590857787,"utilityLcb":-0.842629576,"visits":9,"weight":9.0,"winrate":0.24867877},{"lcb":0.0371862715,"move":"B3","order":5,"prior":0.124847688,"pv":["B3","C3","C2","B2","F1"],"pvEdgeVisits":[8,7,3,2,1],"pvVisits":[8,7,3,2,1],"scoreLead":-9.08158263,"scoreMean":-9.08158263,"scoreSelfplay":-10.6984204,"scoreStdev":17.1115137,"utility":-0.883598841,"utilityLcb":-1.46482418,"visits":8,"weight":8.0,"winrate":0.24476675},{"lcb":-0.984935007,"move":"F3","order":6,"prior":0.0093508726,"pv":["F3"],"pvEdgeVisits":[1],"pvVisits":[1],"scoreLead":-4.40907907,"scoreMean":-4.40907907,"scoreSelfplay":-4.69520855,"scoreStdev":14.6438342,"utility":-0.573374275,"utilityLcb":-4.07337429,"visits":1,"weight":1.0,"winrate":0.265064999},{"lcb":-1.03020903,"move":"G2","order":7,"prior":0.00097869942,"pv":["G2"],"pvEdgeVisits":[1],"pvVisits":[1],"scoreLead":-5.69712353,"scoreMean":-5.69712353,"scoreSelfplay":-6.53461885,"scoreStdev":14.8006154,"utility":-0.688659477,"utilityLcb":-4.1886595,"visits":1,"weight":1.0,"winrate":0.219790973},{"lcb":-1.14875592,"move":"F6","order":8,"prior":0.000808851677,"pv":["F6"],"pvEdgeVisits":[1],"pvVisits":[1],"scoreLead":-12.0079832,"scoreMean":-12.0079832,"scoreSelfplay":-13.8820801,"scoreStdev":17.5412446,"utility":-0.994288892,"utilityLcb":-4.49428891,"visits":1,"weight":1.0,"winrate":0.101244085}],"rootInfo":{"currentPlayer":"B","rawStScoreError":-1.0,"rawStWrError":-0.5,"rawVarTimeLeft":-1.0,"scoreLead":0.990536232,"scoreSelfplay":1.05129959,"scoreStdev":10.5175615,"symHash":"0CAA03496D1088226717248B65E75E44","thisHash":"3F4A5C26F80BC4C79F44AC7833E26F3F","utility":0.304389909,"visits":1000,"weight":995.5782308856125,"winrate":0.657447408},"turnNumber":14}
: tests/models/g170-b6c96-s175395328-d26788732.bin.gz
: NN rows: 1663
: NN batches: 1663
: NN avg batch size: 1
: GPU -1 finishing, processed 1663 rows 1663 batches
: All cleaned up, quitting
