{"id":"pvvisittest","isDuringSearch":false,"moveInfos":[{"lcb":0.576144837,"move":"E3","order":0,"prior":0.02454146,"pv":["E3","F4","F5","F6","F3","C4","B5","B4","B6","B7","B3","A5","C3","A6","E6"],"pvEdgeVisits":[445,260,252,204,187,91,72,59,44,15,9,6,4,3,1],"pvVisits":[445,260,252,204,187,91,72,59,44,15,9,6,4,3,1],"scoreLead":0.895851882,"scoreMean":0.895851882,"scoreSelfplay":0.948782204,"scoreStdev":7.06710662,"utility":0.187633723,"utilityLcb":0.0676906305,"visits":445,"weight":436.2892441773171,"winrate":0.618981655},{"lcb":0.413470912,"move":"F4","order":1,"prior":0.402600557,"pv":["F4","C4","C3","B5","B4","F5","E3","E6","C5","E4","B6","C4","E5"],"pvEdgeVisits":[175,137,116,111,83,34,19,16,6,5,3,2,1],"pvVisits":[175,137,116,111,83,34,19,16,6,5,3,2,1],"scoreLead":-0.166785828,"scoreMean":-0.166785828,"scoreSelfplay":-0.171995216,"scoreStdev":9.37924098,"utility":-0.118357017,"utilityLcb":-0.318602815,"visits":175,"weight":174.58808009238538,"winrate":0.484987269},{"lcb":0.364824336,"move":"E6","order":2,"prior":0.385828495,"pv":["E6","E3","E2","F2","B5","B6","D2","F5","F6"],"pvEdgeVisits":[90,59,31,28,5,3,3,2,1],"pvVisits":[90,59,31,28,5,6,3,2,1],"scoreLead":-1.03605228,"scoreMean":-1.03605228,"scoreSelfplay":-0.864638559,"scoreStdev":15.7924728,"utility":-0.229711114,"utilityLcb":-0.450006412,"visits":90,"weight":89.91183238006079,"winrate":0.443501228},{"lcb":0.481192713,"move":"F5","order":3,"prior":0.176965386,"pv":["F5","B5","C4","B4","B3","E3","D2","E2","F4","B2","A4","A5","B6"],"pvEdgeVisits":[288,257,157,117,91,80,70,46,21,17,6,4,1],"pvVisits":[288,257,157,117,91,80,70,46,21,17,6,4,1],"scoreLead":0.143643325,"scoreMean":0.143643325,"scoreSelfplay":0.20056233,"scoreStdev":11.6681427,"utility":-0.0223721301,"utilityLcb":-0.198490681,"visits":288,"weight":286.4076712408208,"winrate":0.544092196},{"lcb":-1.10796356,"move":"B5","order":4,"prior":0.00792722125,"pv":["B5"],"pvEdgeVisits":[1],"pvVisits":[1],"scoreLead":-4.31707621,"scoreMean":-4.31707621,"scoreSelfplay":-4.92623758,"scoreStdev":10.3025952,"utility":-0.854210708,"utilityLcb":-4.35421073,"visits":1,"weight":1.0,"winrate":0.142036445}],"rootInfo":{"currentPlayer":"B","rawStScoreError":-1.0,"rawStWrError":-0.5,"rawVarTimeLeft":-1.0,"scoreLead":0.527511116,"scoreSelfplay":0.586124434,"scoreStdev":8.95513798,"symHash":"10155F672C0B5682E08EB339027AD849","thisHash":"E2B811FEE059E65F93697CB1DE35B543","utility":0.0945305547,"visits":1000,"weight":989.196827890584,"winrate":0.580240356},"turnNumber":8}
{"id":"pvvisittest","isDuringSearch":false,"moveInfos":[{"lcb":0.653260212,"move":"C3","order":0,"prior":0.0962024257,"pv":["C3","E6","F1","B5","B6","D7","A6","F3","C7","E7","A4","G2","E1","G1","B3","pass"],"pvEdgeVisits":[794,510,489,376,374,109,90,74,68,57,18,13,10,8,6,5],"pvVisits":[794,510,489,376,374,109,90,74,68,57,18,13,10,8,6,5],"scoreLead":1.3150495,"scoreMean":1.3150495,"scoreSelfplay":1.39144353,"scoreStdev":9.87923903,"utility":0.353299097,"utilityLcb":0.279158179,"visits":794,"weight":787.848024742123,"winrate":0.679739111},{"lcb":0.470624955,"move":"F1","order":1,"prior":0.26197353,"pv":["F1","E6","B5","B2","C2","B3","F3","D7","C7","E7"],"pvEdgeVisits":[98,57,52,46,22,15,11,4,2,1],"pvVisits":[98,57,52,46,22,15,11,4,2,1],"scoreLead":0.705849116,"scoreMean":0.705849116,"scoreSelfplay":0.745466093,"scoreStdev":17.311162,"utility":0.0694341054,"utilityLcb":-0.147809369,"visits":98,"weight":97.87205891769796,"winrate":0.54821191},{"lcb":0.404857789,"move":"B2","order":2,"prior":0.195831671,"pv":["B2","E6","B5","D7","C7","E7","F1","A6","A4","A5"],"pvEdgeVisits":[75,65,60,32,27,18,12,5,2,1],"pvVisits":[75,65,60,32,27,18,12,5,2,1],"scoreLead":0.198063489,"scoreMean":0.198063489,"scoreSelfplay":0.146578995,"scoreStdev":10.1659896,"utility":0.0441138367,"utilityLcb":-0.338869002,"visits":75,"weight":75.0,"winrate":0.541637374},{"lcb":0.0604179407,"move":"E6","order":3,"prior":0.205003202,"pv":["E6","C3","C2","B2","B1"],"pvEdgeVisits":[13,9,3,2,1],"pvVisits":[13,9,3,2,1],"scoreLead":-6.856007,"scoreMean":-6.856007,"scoreSelfplay":-6.5684465,"scoreStdev":16.1251073,"utility":-0.702514204,"utilityLcb":-1.25422139,"visits":13,"weight":13.0,"winrate":0.25745622},{"lcb":0.138651451,"move":"B5","order":4,"prior":0.103324503,"pv":["B5","B2","C2","B3","F1"],"pvEdgeVisits":[8,7,3,2,1],"pvVisits":[8,7,3,2,1],"scoreLead":-5.7190141,"scoreMean":-5.7190141,"scoreSelfplay":-5.94090324,"scoreStdev":17.3587215,"utility":-0.567943269,"utilityLcb":-0.893714615,"visits":8,"weight":8.0,"winrate":0.25499836},{"lcb":0.0371862715,"move":"B3","order":5,"prior":0.124847688,"pv":["B3","C3","C2","B2","F1"],"pvEdgeVisits":[8,7,3,2,1],"pvVisits":[8,7,3,2,1],"scoreLead":-9.08158263,"scoreMean":-9.08158263,"scoreSelfplay":-10.6984204,"scoreStdev":17.1115137,"utility":-0.883598841,"utilityLcb":-1.46482418,"visits":8,"weight":8.0,"winrate":0.24476675},{"lcb":-0.984935007,"move":"F3","order":6,"prior":0.0093508726,"pv":["F3"],"pvEdgeVisits":[1],"pvVisits":[1],"scoreLead":-4.40907907,"scoreMean":-4.40907907,"scoreSelfplay":-4.69520855,"scoreStdev":14.6438342,"utility":-0.573374275,"utilityLcb":-4.07337429,"visits":1,"weight":1.0,"winrate":0.265064999},{"lcb":-1.03020903,"move":"G2","order":7,"prior":0.00097869942,"pv":["G2"],"pvEdgeVisits":[1],"pvVisits":[1],"scoreLead":-5.69712353,"scoreMean":-5.69712353,"scoreSelfplay":-6.53461885,"scoreStdev":14.8006154,"utility":-0.688659477,"utilityLcb":-4.1886595,"visits":1,"weight":1.0,"winrate":0.219790973},{"lcb":-1.14875592,"move":"F6","order":8,"prior":0.000808851677,"pv":["F6"],"pvEdgeVisits":[1],"pvVisits":[1],"scoreLead":-12.0079832,"scoreMean":-12.0079832,"scoreSelfplay":-13.8820801,"scoreStdev":17.5412446,"utility":-0.994288892,"utilityLcb":-4.49428891,"visits":1,"weight":1.0,"winrate":0.101244085}],"rootInfo":{"currentPlayer":"B","rawStScoreError":-1.0,"rawStWrError":-0.5,"rawVarTimeLeft":-1.0,"scoreLead":1.04405927,"scoreSelfplay":1.10615854,"scoreStdev":10.7213318,"symHash":"0CAA03496D1088226717248B65E75E44","thisHash":"3F4A5C26F80BC4C79F44AC7833E26F3F","utility":0.301603829,"visits":1000,"weight":993.720083659821,"winrate":0.657505248},"turnNumber":14}
