{"id":"empty","isDuringSearch":false,"moveInfos":[{"lcb":0.347448325,"move":"Q3","order":0,"prior":0.0898988396,"pv":["Q3","R16","D3","D17"],"scoreLead":0.310816102,"scoreMean":0.310816102,"scoreSelfplay":0.19533027,"scoreStdev":30.6140973,"utility":0.00876916659,"utilityLcb":-0.422891407,"visits":4,"weight":4.0,"winrate":0.501612816},{"lcb":-0.0399922983,"move":"R4","order":1,"prior":0.088979058,"pv":["R4","R16"],"scoreLead":-0.164636234,"scoreMean":-0.164636234,"scoreSelfplay":-0.296488702,"scoreStdev":30.755224,"utility":-0.0130686139,"utilityLcb":-1.50642828,"visits":2,"weight":2.0,"winrate":0.493350439},{"lcb":-0.040047236,"move":"Q17","order":2,"prior":0.0873713195,"pv":["Q17","D3"],"scoreLead":-0.109873638,"scoreMean":-0.109873638,"scoreSelfplay":-0.25821425,"scoreStdev":30.8637147,"utility":-0.0136439925,"utilityLcb":-1.50596933,"visits":2,"weight":2.0,"winrate":0.492926098},{"lcb":-0.73157776,"move":"C4","order":3,"prior":0.0860089138,"pv":["C4"],"scoreLead":0.017457772,"scoreMean":0.017457772,"scoreSelfplay":0.345550776,"scoreStdev":31.2251646,"utility":0.0413884251,"utilityLcb":-3.45861159,"visits":1,"weight":1.0,"winrate":0.518422246}],"rootInfo":{"currentPlayer":"B","rawStScoreError":-1.0,"rawStWrError":-0.5,"rawVarTimeLeft":-1.0,"scoreLead":0.0673405539,"scoreSelfplay":-0.0486920178,"scoreStdev":30.8164522,"symHash":"47E1EBDAE69A5DED3FF8DB1FA4E91845","thisHash":"47E1EBDAE69A5DED3FF8DB1FA4E91845","utility":-0.00331297592,"visits":10,"weight":10.0,"winrate":0.49699221},"turnNumber":0}
{"id":"diag","isDuringSearch":false,"moveInfos":[{"lcb":1.02260813,"move":"R16","order":0,"prior":0.136150971,"pv":["R16","D17"],"scoreLead":-0.0382391382,"scoreMean":-0.0382391382,"scoreSelfplay":-0.318981111,"scoreStdev":30.6037843,"utility":-0.00183552146,"utilityLcb":1.48911116,"visits":2,"weight":2.0,"winrate":0.490127169},{"lcb":1.0252441,"move":"Q3","order":1,"prior":0.141337395,"pv":["Q3","C16"],"scoreLead":0.126374587,"scoreMean":0.126374587,"scoreSelfplay":-0.0903075933,"scoreStdev":30.4183296,"utility":0.00321810324,"utilityLcb":1.49381535,"visits":2,"weight":2.0,"winrate":0.492887944},{"lcb":1.02510062,"move":"R4","order":2,"prior":0.141147658,"pv":["R4","D17"],"scoreLead":0.216119736,"scoreMean":0.216119736,"scoreSelfplay":0.0077046454,"scoreStdev":30.4987088,"utility":0.00280196857,"utilityLcb":1.49325938,"visits":2,"weight":2.0,"winrate":0.492794402},{"lcb":1.02475431,"move":"Q17","order":3,"prior":0.121414974,"pv":["Q17","D17"],"scoreLead":0.0436006486,"scoreMean":0.0436006486,"scoreSelfplay":-0.19756943,"scoreStdev":30.6115414,"utility":0.00258294612,"utilityLcb":1.49338594,"visits":2,"weight":2.0,"winrate":0.492324673},{"lcb":1.71988239,"move":"D17","order":4,"prior":0.102679029,"pv":["D17"],"scoreLead":-0.126829609,"scoreMean":-0.126829609,"scoreSelfplay":-0.801279843,"scoreStdev":30.1823242,"utility":-0.063392693,"utilityLcb":3.43660732,"visits":1,"weight":1.0,"winrate":0.469882384}],"rootInfo":{"currentPlayer":"W","rawStScoreError":-1.0,"rawStWrError":-0.5,"rawVarTimeLeft":-1.0,"scoreLead":-0.00619348772,"scoreSelfplay":-0.251764905,"scoreStdev":30.5939416,"symHash":"04463BE482B52BD708FC9C247BE1C910","thisHash":"F311E6CDDDBBBFD412598613901B8E82","utility":-0.00509654363,"visits":10,"weight":10.0,"winrate":0.49061904},"turnNumber":1}
{"id":"nosym","isDuringSearch":false,"moveInfos":[{"lcb":1.03060825,"move":"Q3","order":0,"prior":0.13437207,"pv":["Q3","C16"],"scoreLead":0.310783915,"scoreMean":0.310783915,"scoreSelfplay":0.175731182,"scoreStdev":30.38224,"utility":0.0130209372,"utilityLcb":1.50349778,"visits":2,"weight":2.0,"winrate":0.498295091},{"lcb":1.03205298,"move":"R16","order":1,"prior":0.131062225,"pv":["R16","C16"],"scoreLead":0.307151534,"scoreMean":0.307151534,"scoreSelfplay":0.129331052,"scoreStdev":30.5347432,"utility":0.0189666055,"utilityLcb":1.51010966,"visits":2,"weight":2.0,"winrate":0.499501884},{"lcb":1.03349146,"move":"R4","order":2,"prior":0.128713444,"pv":["R4","C16"],"scoreLead":0.470893919,"scoreMean":0.470893919,"scoreSelfplay":0.382436141,"scoreStdev":30.4178348,"utility":0.0215271382,"utilityLcb":1.51224541,"visits":2,"weight":2.0,"winrate":0.501092076},{"lcb":1.033515,"move":"Q17","order":3,"prior":0.116594382,"pv":["Q17","C16"],"scoreLead":0.366054619,"scoreMean":0.366054619,"scoreSelfplay":0.217767656,"scoreStdev":30.5415911,"utility":0.0217382763,"utilityLcb":1.51271674,"visits":2,"weight":2.0,"winrate":0.501022689},{"lcb":1.72599579,"move":"D17","order":4,"prior":0.0949460715,"pv":["D17"],"scoreLead":0.325589776,"scoreMean":0.325589776,"scoreSelfplay":-0.266722143,"scoreStdev":30.233252,"utility":-0.0495810857,"utilityLcb":3.45041893,"visits":1,"weight":1.0,"winrate":0.475995779}],"rootInfo":{"currentPlayer":"W","rawStScoreError":-1.0,"rawStWrError":-0.5,"rawVarTimeLeft":-1.0,"scoreLead":0.299045509,"scoreSelfplay":0.148721114,"scoreStdev":30.5296584,"symHash":"225996804284D28C9BE63B2B78A822B9","thisHash":"EA50B9D8410AA7865C1548D980C2DFE8","utility":0.0123573735,"visits":10,"weight":10.0,"winrate":0.498720875},"turnNumber":1}
{"id":"rect","isDuringSearch":false,"moveInfos":[{"lcb":0.361273789,"move":"D4","order":0,"ownership":[0.267301,0.268799,0.252744,0.229073,0.187269,0.093028,0.032127,-0.034903000000000003,-0.090673,-0.12437,-0.110247,-0.058377,-0.002661,0.288525,0.274144,0.320388,0.25639,0.211669,0.106295,0.037809,-0.052528,-0.196049,-0.166051,-0.160943,-0.065377,-0.036136,0.271135,0.30072,0.284568,0.438828,0.316087,0.110843,0.084978,-0.008924,-0.159554,-0.321611,-0.13177,-0.064329,-0.030366,0.224411,0.268779,0.50451,0.892274,0.318755,0.162056,0.099876,-0.039115,-0.253857,-0.782553,0.205828,-0.050786,-0.06528,0.250991,0.267589,0.328333,0.46743,0.338696,0.12287,0.082722,-0.007072,-0.186786,-0.301245,-0.181037,-0.048753,-0.043381,0.263364,0.251012,0.289765,0.270617,0.242423,0.090642,0.062486,-0.015497,-0.146818,-0.177735,-0.165003,-0.08277,-0.032217,0.233041,0.261307,0.231833,0.210977,0.18418,0.142498,0.04772,-0.021242,-0.081061,-0.093525,-0.080639,-0.073771,-0.037135],"prior":0.418101043,"pv":["D4","K4","L4","L5"],"scoreLead":-0.410371218,"scoreMean":-0.410371218,"scoreSelfplay":-0.401730373,"scoreStdev":13.769045,"utility":-0.0676017322,"utilityLcb":-0.35733965,"visits":5,"weight":5.0,"winrate":0.464751617},{"lcb":0.298287544,"move":"K4","order":1,"ownership":[0.028078,0.000321,-0.092194,-0.088981,-0.076381,-0.01482,0.069258,0.126778,0.216078,0.24685,0.242415,0.265951,0.232937,0.050448,0.004007,-0.10957,-0.140924,-0.139914,-0.019825,0.066942,0.132177,0.255087,0.267666,0.287016,0.254706,0.262103,0.007096,-0.009521,-0.112978,-0.302232,-0.173356,-0.023066,0.084498,0.14867,0.305293,0.431303,0.256183,0.251509,0.218832,-0.018504,-0.056496,0.099488,-0.788114,-0.270417,0.002435,0.131165,0.209903,0.351034,0.901281,0.43695,0.258442,0.210685,-0.037023,-0.093244,-0.321273,-0.361268,-0.251483,-0.026861,0.062378,0.129321,0.343549,0.465341,0.292959,0.272241,0.208502,-0.078626,-0.130304,-0.221647,-0.200822,-0.163274,-0.036205,0.025047,0.098498,0.250133,0.25488,0.310487,0.228548,0.221162,-0.041669,-0.093799,-0.127099,-0.132105,-0.066474,-0.02601,0.070976,0.152686,0.218123,0.238904,0.243844,0.266586,0.227518],"prior":0.453480542,"pv":["K4","D4","C4","C3"],"scoreLead":-0.392897896,"scoreMean":-0.392897896,"scoreSelfplay":-0.388791665,"scoreStdev":13.4046692,"utility":-0.074977856,"utilityLcb":-0.524217465,"visits":4,"weight":4.0,"winrate":0.458730262}],"ownership":[0.161022,0.149252,0.114343,0.096168,0.080464,0.04945,0.044033,0.026231,0.027876,0.021656,0.03029,0.069008,0.093395,0.182326,0.150011,0.143719,0.097423,0.073931,0.058269,0.05008,0.024125,-0.010383999999999999,0.009285,0.025414,0.067454,0.081843,0.155144,0.169237,0.137046,0.15511,0.135872,0.063903,0.085212,0.061461,0.045688,-0.001235,0.044067,0.065298,0.07175,0.117969,0.132948,0.321012,0.226826,0.08681,0.093112,0.102355,0.058081,-0.001586,-0.091691,0.274523,0.066335,0.043789,0.131521,0.122481,0.086063,0.140939,0.113748,0.064829,0.072354,0.051564,0.039189,0.01075,0.017677,0.077009,0.05572,0.124115,0.086639,0.088144,0.083534,0.081675,0.040839,0.045468,0.029607,0.012273,-0.004559,0.023815,0.033955,0.064504,0.123971,0.111626,0.088318,0.07602,0.082848,0.071435,0.051672,0.041657,0.034099,0.035007,0.043639,0.056324,0.067241],"rootInfo":{"currentPlayer":"B","rawStScoreError":-1.0,"rawStWrError":-0.5,"rawVarTimeLeft":-1.0,"scoreLead":-0.288073148,"scoreSelfplay":-0.301665075,"scoreStdev":13.7597818,"symHash":"8BC74662B7D456891A877976DC0B2EB9","thisHash":"DE70617C4887C4CBA28CD3DD04E37C5B","utility":-0.0588068051,"visits":10,"weight":10.0,"winrate":0.468232221},"turnNumber":0}
{"id":"rect2","isDuringSearch":false,"moveInfos":[{"lcb":0.384769276,"move":"D10","order":0,"ownership":[0.254608,0.262775,0.258626,0.249882,0.257561,0.289636,0.242782,0.267913,0.248222,0.31354,0.267549,0.29184,0.27367,0.263411,0.26206,0.275058,0.263532,0.452554,0.264848,0.285851,0.218695,0.232004,0.274755,0.487363,0.890246,0.446714,0.283815,0.201684,0.190081,0.201502,0.305703,0.327697,0.308232,0.218082,0.162046,0.132744,0.123854,0.106093,0.161378,0.125671,0.112095,0.120867,0.034501,0.030899,0.032286,0.085102,0.022981,0.077142,0.034566,-0.021466,-0.024444,-0.052793,-0.065776,-0.046265,-0.023542,-0.069017,-0.062387,-0.108795,-0.151838,-0.273899,-0.219955,-0.202379,-0.141964,-0.046397,-0.086529,-0.26825,-0.807226,-0.439713,-0.287996,-0.222081,-0.03376,-0.033829,-0.002623,0.215477,-0.379441,-0.267043,-0.196347,0.020804,0.043272,0.027664,-0.032162,-0.154733,-0.195689,-0.17828,0.047998,0.084727,0.056296,-0.002737,-0.031482,-0.100622,-0.119501],"prior":0.47460863,"pv":["D10","D4","D3","E3","C3"],"scoreLead":-0.398935699,"scoreMean":-0.398935699,"scoreSelfplay":-0.354834003,"scoreStdev":13.8185292,"utility":-0.0829496389,"utilityLcb":-0.307376767,"visits":6,"weight":6.0,"winrate":0.464921822},{"lcb":0.19515317,"move":"D4","order":1,"ownership":[0.020962,0.068611,0.002349,0.003936,-0.011042,0.030777,0.009529,0.011276,0.020598,-0.021066,-0.051105,-0.047118,-0.040319,0.011359,-0.033752,-0.137502,-0.137825,-0.011167,-0.156174,-0.117175,-0.058158,-0.030148,-0.141372,-0.269756,-0.732196,-0.31205,-0.146472,-0.07845,-0.033309,-0.118603,-0.186325,-0.201317,-0.194108,-0.147805,-0.026371,0.000951,-0.031765,-0.036821,-0.043386,-0.03914,-0.051423,0.025005,0.066856,0.063298,0.104793,0.132091,0.078982,0.012605,0.10287,0.152908,0.120455,0.172144,0.159821,0.125641,0.124604,0.168191,0.227539,0.254061,0.290147,0.340512,0.311917,0.244612,0.219246,0.258381,0.276801,0.482277,0.899686,0.437503,0.288425,0.2361,0.259248,0.267211,0.293862,0.486403,0.299426,0.303681,0.231754,0.228131,0.226337,0.260313,0.256849,0.306203,0.234578,0.224607,0.228689,0.251394,0.227128,0.213778,0.21915,0.241994,0.211117],"prior":0.390627265,"pv":["D4","D10","D11"],"scoreLead":-0.28967382,"scoreMean":-0.28967382,"scoreSelfplay":-0.663829148,"scoreStdev":13.4368016,"utility":-0.117042524,"utilityLcb":-0.864803539,"visits":3,"weight":3.0,"winrate":0.462210675}],"ownership":[0.192505,0.207302,0.200085,0.185498,0.199402,0.22728,0.191539,0.203028,0.18111,0.231566,0.189798,0.219773,0.204627,0.200592,0.185862,0.179954,0.188063,0.338495,0.18617,0.194272,0.158614,0.165447,0.178839,0.321079,0.530859,0.281435,0.186663,0.139673,0.136635,0.129244,0.206541,0.212371,0.20567,0.141316,0.118646,0.101226,0.086428,0.080137,0.114446,0.091431,0.078977,0.095297,0.04207,0.0353,0.047403,0.087624,0.035078,0.06475,0.044801,0.017489,0.007148,0.003791,-0.012829,-0.001585,0.013173,-0.017885,0.002133,-0.028128,-0.036601,-0.127005,-0.082491,-0.094717,-0.058206,0.017849,-0.007995,-0.088422,-0.40632,-0.224842,-0.152885,-0.113115,0.029392,0.031421,0.070364,0.244695,-0.2075,-0.1344,-0.096503,0.064762,0.067126,0.073946,0.023517,-0.049177,-0.098921,-0.087435,0.087825,0.107126,0.087571,0.040887,0.022547,-0.020576,-0.038454],"rootInfo":{"currentPlayer":"B","rawStScoreError":-1.0,"rawStWrError":-0.5,"rawVarTimeLeft":-1.0,"scoreLead":-0.231855709,"scoreSelfplay":-0.326078697,"scoreStdev":13.8478293,"symHash":"8BC74662B7D456891A877976DC0B2EB9","thisHash":"8BC74662B7D456891A877976DC0B2EB9","utility":-0.0771317639,"visits":10,"weight":10.0,"winrate":0.471290778},"turnNumber":0}
{"id":"rect3","isDuringSearch":false,"moveInfos":[{"lcb":0.437264106,"move":"D10","order":0,"ownership":[0.230175,0.241769,0.234601,0.231296,0.242212,0.28173,0.23386,0.262823,0.206502,0.290698,0.211942,0.262385,0.237615,0.243107,0.245502,0.248171,0.233568,0.418479,0.254236,0.261884,0.205351,0.207112,0.260477,0.482831,0.887315,0.439886,0.272985,0.180569,0.177808,0.19444,0.330095,0.333818,0.321016,0.217087,0.14927,0.135071,0.128033,0.107282,0.154464,0.103739,0.090298,0.093389,0.053077,0.055743,0.058689,0.046237,0.009608,0.040886,-0.013292,0.027336,0.070331,-0.046505,-0.090973,-0.069455,-0.05238,-0.117919,0.008484,0.037298,-0.094562,-0.245907,-0.214691,-0.199205,-0.194146,0.013602,0.002677,-0.263324,-0.793444,-0.507101,-0.289005,-0.239945,0.013534,0.025166,-0.025136,0.37555,-0.306174,-0.279749,-0.212607,0.036348,0.043259,0.054247,-0.016559,-0.096606,-0.20678,-0.191179,0.037542,0.073516,0.061912,0.036787,-0.019794,-0.110298,-0.155759],"prior":0.47460863,"pv":["D10","D4","D3","E3","C3","E4","B5"],"scoreLead":0.0200128853,"scoreMean":0.0200128853,"scoreSelfplay":0.0529411829,"scoreStdev":13.7918053,"utility":-0.00820049166,"utilityLcb":-0.14928442,"visits":12,"weight":12.0,"winrate":0.487651223},{"lcb":0.39274456,"move":"D4","order":1,"ownership":[-0.083564,-0.058449,-0.080869,-0.021162,0.01949,0.061485,0.069316,-0.167567,-0.155329,-0.126553,-0.060308,0.078868,0.04295,0.045973,-0.205148,-0.273423,-0.375259,0.286784,0.001778,-0.035236,0.008598,-0.183785,-0.264626,-0.396088,-0.797903,-0.309389,-0.08462,-0.032327,-0.136432,-0.191626,-0.209298,-0.243103,-0.186452,-0.111513,-0.005128,-0.060744,-0.06766,-0.032449,-0.064606,-0.026941,-0.013789,0.004109,0.024023,0.051451,0.09589,0.094173,0.075078,0.026004,0.088356,0.125767,0.114397,0.156515,0.164815,0.119594,0.128012,0.150125,0.198739,0.234913,0.304648,0.348324,0.324906,0.231141,0.20811,0.244426,0.276148,0.483853,0.880206,0.445768,0.288334,0.233145,0.260075,0.270828,0.30481,0.465209,0.309231,0.303525,0.231403,0.242328,0.234065,0.262951,0.252311,0.298926,0.239606,0.22083,0.231202,0.261271,0.226938,0.200053,0.234202,0.275105,0.234205],"prior":0.390627265,"pv":["D4","D10","D11","C11","E11"],"scoreLead":-0.226628427,"scoreMean":-0.226628427,"scoreSelfplay":-0.503054242,"scoreStdev":13.4875978,"utility":-0.105024701,"utilityLcb":-0.303803677,"visits":7,"weight":7.0,"winrate":0.463737051}],"ownership":[0.145702,0.160147,0.153508,0.161278,0.184356,0.221123,0.189991,0.149926,0.108247,0.18033,0.138861,0.214068,0.186204,0.187851,0.126161,0.113289,0.08661,0.373124,0.192429,0.181903,0.153439,0.104391,0.124034,0.256068,0.447327,0.245158,0.177425,0.124482,0.096012,0.094358,0.193479,0.184312,0.191909,0.132428,0.107927,0.083828,0.075917,0.073405,0.096935,0.07103,0.06444,0.069072,0.046013,0.05275,0.067374,0.056774,0.027076,0.038722,0.012588,0.052421,0.078976,0.010196,-0.02185,-0.01583,-0.002404,-0.046607,0.056995,0.085333,0.0167,-0.085833,-0.063944,-0.081966,-0.085146,0.070968,0.070743,-0.060991,-0.343631,-0.245421,-0.134028,-0.111699,0.075838,0.086999,0.06538,0.379397,-0.136535,-0.123476,-0.093309,0.088571,0.084731,0.105458,0.049339,0.007181,-0.088901,-0.081998,0.088425,0.115561,0.101697,0.076515,0.045341,-0.007671,-0.049122],"rootInfo":{"currentPlayer":"B","rawStScoreError":-1.0,"rawStWrError":-0.5,"rawVarTimeLeft":-1.0,"scoreLead":0.01633644,"scoreSelfplay":-0.0304246046,"scoreStdev":13.8064653,"symHash":"8BC74662B7D456891A877976DC0B2EB9","thisHash":"8BC74662B7D456891A877976DC0B2EB9","utility":-0.0259409963,"visits":20,"weight":20.0,"winrate":0.484912218},"turnNumber":0}
{"id":"rect4","isDuringSearch":false,"moveInfos":[{"lcb":0.424293338,"move":"D10","order":0,"ownershipStdev":[0.06088,0.041154,0.045962,0.044421,0.051182,0.066231,0.032941,0.037171,0.065515,0.045897,0.091361,0.062683,0.070029,0.041186,0.035362,0.054021,0.106858,0.115768,0.049792,0.046813,0.04427,0.046529,0.028855,0.022199,0.024117,0.02428,0.031332,0.045823,0.049655,0.030217,0.075114,0.033181,0.080909,0.025406,0.036431,0.075822,0.055199,0.058033,0.070016,0.074505,0.051237,0.055214,0.121367,0.081931,0.070089,0.12848,0.084336,0.082581,0.103459,0.204769,0.218871,0.079057,0.076845,0.089678,0.16255,0.160607,0.298863,0.384821,0.217045,0.090532,0.188765,0.200423,0.210063,0.365949,0.397512,0.244335,0.138531,0.267601,0.323521,0.283795,0.388197,0.419127,0.5883,0.308814,0.535532,0.381007,0.330337,0.387246,0.386455,0.393031,0.194188,0.291404,0.361349,0.333525,0.321213,0.362526,0.251238,0.172218,0.173364,0.31318,0.300756],"prior":0.47460863,"pv":["D10","D4","D3","E3","C3","E4","B5"],"scoreLead":-0.0788726184,"scoreMean":-0.0788726184,"scoreSelfplay":-0.0923189966,"scoreStdev":13.7446358,"utility":-0.0269881436,"utilityLcb":-0.1846876,"visits":13,"weight":13.0,"winrate":0.480614572},{"lcb":0.378377126,"move":"D4","order":1,"ownershipStdev":[0.112883,0.163763,0.148136,0.149227,0.128583,0.160847,0.113101,0.203151,0.217992,0.185766,0.101788,0.212223,0.198945,0.168774,0.155427,0.143399,0.348392,0.438211,0.321808,0.159916,0.142297,0.156705,0.164977,0.103163,0.204053,0.118043,0.119299,0.135745,0.105936,0.076902,0.083936,0.242394,0.080759,0.06132,0.083427,0.108775,0.042996,0.088318,0.094178,0.083327,0.050863,0.081669,0.092024,0.050945,0.049658,0.09083,0.055871,0.050929,0.065201,0.066855,0.03753,0.065651,0.0453,0.051515,0.04089,0.054874,0.069504,0.043674,0.073422,0.029001,0.04644,0.040385,0.051124,0.06075,0.026689,0.017004,0.0272,0.034646,0.042661,0.068006,0.004846,0.01071,0.050285,0.028741,0.022762,0.02752,0.018273,0.058878,0.015511,0.012999,0.032301,0.031417,0.014601,0.03004,0.057804,0.040069,0.010985,0.020497,0.029685,0.12131,0.070076],"prior":0.390627265,"pv":["D4","D10","D11","E11"],"scoreLead":-0.0836376396,"scoreMean":-0.0836376396,"scoreSelfplay":-0.316774933,"scoreStdev":13.447613,"utility":-0.0561879102,"utilityLcb":-0.317166896,"visits":6,"weight":6.0,"winrate":0.471583907}],"ownershipStdev":[0.119347,0.123391,0.138894,0.144688,0.126753,0.148994,0.106852,0.159901,0.144569,0.152328,0.135111,0.153363,0.151066,0.136845,0.156978,0.173882,0.235483,0.224641,0.215295,0.16377,0.12434,0.142092,0.18032,0.302798,0.640015,0.295377,0.169204,0.124822,0.118027,0.12939,0.192887,0.230265,0.209583,0.14128,0.086818,0.105793,0.083596,0.077585,0.100179,0.086536,0.069676,0.074049,0.114317,0.076101,0.067041,0.120997,0.081952,0.077297,0.099758,0.186159,0.195017,0.109644,0.118739,0.111526,0.158854,0.173042,0.27408,0.348517,0.253047,0.23681,0.272121,0.242289,0.238919,0.334512,0.366418,0.358241,0.64832,0.435646,0.359643,0.306514,0.355636,0.382169,0.537511,0.287682,0.531376,0.402583,0.336691,0.353279,0.35055,0.356854,0.199042,0.297821,0.362272,0.333134,0.295933,0.330292,0.230694,0.164151,0.182147,0.322001,0.308173],"rootInfo":{"currentPlayer":"B","rawStScoreError":-1.0,"rawStWrError":-0.5,"rawVarTimeLeft":-1.0,"scoreLead":-0.0291545656,"scoreSelfplay":-0.112054603,"scoreStdev":13.7307008,"symHash":"8BC74662B7D456891A877976DC0B2EB9","thisHash":"8BC74662B7D456891A877976DC0B2EB9","utility":-0.0305232782,"visits":20,"weight":20.0,"winrate":0.480711885},"turnNumber":0}
