KataGo v1.14.1
Using TrompTaylor rules initially, unless GTP/GUI overrides this
Initializing board with boardXSize 19 boardYSize 19
Loaded config configs/gtp_example.cfg and/or command-line and query overrides
Loaded model tests/models/g170-b6c96-s175395328-d26788732.bin.gz
Model name: g170-b6c96-s175395328-d26788732
GTP ready, beginning main protocol loop
MoveNum: 0 HASH: CDCBC1F514D7E680FACD226074256633
   A B C D E F G H J K L M N O P Q R S T
19 . . . . . . . . . . . . . . . . . . .
18 . . . . . . . . . . . . . . . . . . .
17 . . . . . . . . . . . . . . . . . . .
16 . . . . . . . . . . . . . . . . . . .
15 . . . . . . . . . . . . . . . . @ . .
14 . . . . . . . . . . . . . . . . . . .
13 . . . . . . . . . . . . . . . . . . .
12 . . . . . . . . . . . . . . . . . . .
11 . . . . . . . . . . . . . . . . . . .
10 . . . . . . . . . . . . . . . . . . .
 9 . . . . . . . . . . . . . . . . . . .
 8 . . . . . . . . . . . . . . . . . . .
 7 . . . . . . . . . . . . . . . . . . .
 6 . . . . . . . . . . . . . . . . . . .
 5 . . . . . . . . . . . . . . . . . . .
 4 . . . . . . . . . . . . . . . . . . .
 3 . . . . . . . . . . . . . . . . . . .
 2 . . . . . . . . . . . . . . . . . . .
 1 . . . . . . . . . . . . . . . . . . .

koPOSITIONALscoreAREAtaxNONEsui1komi7.5
Time taken: ###
Root visits: 1500
New playouts: 1500
NN rows: 1389
NN batches: 1389
NN avg batch size: 1
PV: R6 D17 Q3 C4 R16 E4 P16
Tree:
: T -30.73c W  -3.66c S  -0.38c ( -0.9 L  -1.0) N    1500  --  R6 D17 Q3 C4 R16 E4 P16
---Black(^)---
R6  : T -22.78c W  -5.03c S  -0.58c ( -1.2 L  -1.2) LCB  -29.79c P  0.13% WF  96.2 PSV     526 N      92  --  R6 D17 Q3 C4 R16 E4 P16
E3  : T -28.76c W  -2.39c S  -0.15c ( -0.6 L  -0.6) LCB  -33.31c P  0.50% WF 225.9 PSV     223 N     223  --  E3 C16 D16 D17 C15 C17 Q17
R14 : T -28.52c W  -4.53c S  -0.53c ( -1.1 L  -1.2) LCB  -35.69c P  0.14% WF 126.5 PSV     125 N     125  --  R14 Q16 D3 D17 Q3
R15 : T -28.83c W  -2.36c S  -0.07c ( -0.4 L  -0.6) LCB  -33.44c P  0.38% WF 209.5 PSV     105 N     207  --  R15 D4 Q17 Q3 C16 Q5 E16
C6  : T -28.39c W  -4.44c S  -0.54c ( -1.1 L  -1.2) LCB  -37.50c P  0.13% WF  99.2 PSV      98 N      98  --  C6 D4 Q3 D17 R16
R5  : T -29.01c W  -3.13c S  -0.23c ( -0.7 L  -0.7) LCB  -35.69c P  0.35% WF 103.8 PSV      47 N     103  --  R5 C4 Q3 D17 Q17 D15
G3  : T -28.41c W  -5.90c S  -0.85c ( -1.6 L  -1.7) LCB  -41.16c P  0.13% WF  46.4 PSV      46 N      46  --  G3 D4 Q3 D17 Q17
C14 : T -28.79c W  -4.50c S  -0.57c ( -1.2 L  -1.2) LCB  -40.20c P  0.12% WF  69.6 PSV      42 N      69  --  C14 D16 D3 Q3 Q17
F3  : T -28.90c W  -4.47c S  -0.59c ( -1.2 L  -1.2) LCB  -39.07c P  0.15% WF  81.6 PSV      30 N      81  --  F3 C4 Q3 D17 Q17
N17 : T -28.65c W  -6.88c S  -0.99c ( -1.8 L  -1.8) LCB  -45.27c P  0.12% WF  30.2 PSV      30 N      30  --  N17 R16 D3 D17 Q3
MoveNum: 1 HASH: 65C026122B9FD04F02AA6C29438BAF07
   A B C D E F G H J K L M N O P Q R S T
19 . . . . . . . . . . . . . . . . . . .
18 . . . . . . . . . . . . . . . . . . .
17 . . . . . . . . . . . . . . . . . . .
16 . . . . . . . . . . . . . . . . @ . .
15 . . . . . . . . . . . . . . . . X1. .
14 . . . . . . . . . . . . . . . . . . .
13 . . . . . . . . . . . . . . . . . . .
12 . . . . . . . . . . . . . . . . . . .
11 . . . . . . . . . . . . . . . . . . .
10 . . . . . . . . . . . . . . . . . . .
 9 . . . . . . . . . . . . . . . . . . .
 8 . . . . . . . . . . . . . . . . . . .
 7 . . . . . . . . . . . . . . . . . . .
 6 . . . . . . . . . . . . . . . . . . .
 5 . . . . . . . . . . . . . . . . . . .
 4 . . . . . . . . . . . . . . . . . . .
 3 . . . . . . . . . . . . . . . . . . .
 2 . . . . . . . . . . . . . . . . . . .
 1 . . . . . . . . . . . . . . . . . . .

koPOSITIONALscoreAREAtaxNONEsui1komi7.5
Time taken: ###
Root visits: 1500
New playouts: 1500
NN rows: 1333
NN batches: 1333
NN avg batch size: 1
PV: R16 Q16 S15 Q15 R17 S14 Q17 D3 D4 C4 C5 C3 Q3
Tree:
: T -21.68c W  -0.54c S  -0.79c ( -0.5 L  -0.7) N    1500  --  R16 Q16 S15 Q15 R17 S14 Q17
---White(^)---
R16 : T -19.32c W  -0.66c S  -0.78c ( -0.5 L  -0.8) LCB  -23.48c P  1.24% WF 569.0 PSV     558 N     558  --  R16 Q16 S15 Q15 R17 S14 Q17 D3
Q17 : T -21.84c W   2.32c S  -0.29c ( +0.3 L  +0.3) LCB  -29.19c P  5.04% WF  90.4 PSV      91 N      91  --  Q17 D17 D16 C16 C15 C17 C4
R17 : T -21.18c W   2.88c S  -0.19c ( +0.4 L  +0.4) LCB  -29.15c P  3.47% WF  81.8 PSV      82 N      82  --  R17 D17 D16 C16 E17 C17 Q3
P3  : T -19.35c W  -0.87c S  -0.85c ( -0.6 L  -0.6) LCB  -28.20c P  0.38% WF  79.7 PSV      79 N      79  --  P3 Q17 R4 C4 D17 E4 D15
R6  : T -19.29c W  -2.45c S  -1.00c ( -0.8 L  -0.8) LCB  -26.96c P  0.13% WF  91.9 PSV      78 N      91  --  R6 Q17 Q3 D17 C4 D15 E4
O3  : T -19.37c W  -1.85c S  -1.06c ( -0.9 L  -1.0) LCB  -29.87c P  0.13% WF  53.4 PSV      40 N      53  --  O3 R4 Q16 R16 Q17 R17 D3
R7  : T -19.39c W  -3.27c S  -1.27c ( -1.2 L  -1.3) LCB  -27.22c P  0.11% WF  70.6 PSV      30 N      70  --  R7 Q3 Q16 R16 Q17 R17 D3
Q16 : T -28.26c W   3.22c S   0.09c ( +0.8 L  +0.4) LCB  -41.46c P  4.10% WF  23.0 PSV      22 N      24  --  Q16 R16 Q17 R17 D17 C4
F3  : T -19.56c W  -1.46c S  -1.01c ( -0.8 L  -1.0) LCB  -31.21c P  0.13% WF  57.4 PSV      18 N      57  --  F3 D4 Q16 R16 Q17 R17 Q3
D3  : T -42.17c W   3.59c S  -0.11c ( +0.5 L  +0.6) LCB  -56.57c P  8.37% WF  15.1 PSV      17 N      17  --  D3 C16 Q16 R16 Q17
MoveNum: 2 HASH: C642000CCB5F4916671E7FA4483039A2
   A B C D E F G H J K L M N O P Q R S T
19 . . . . . . . . . . . . . . . . . . .
18 . . . . . . . . . . . . . . . . . . .
17 . . . . . . . . . . . . . . . . . . .
16 . . . . . . . . . . . . . . . . O2. .
15 . . . . . . . . . . . . . . . @ X1. .
14 . . . . . . . . . . . . . . . . . . .
13 . . . . . . . . . . . . . . . . . . .
12 . . . . . . . . . . . . . . . . . . .
11 . . . . . . . . . . . . . . . . . . .
10 . . . . . . . . . . . . . . . . . . .
 9 . . . . . . . . . . . . . . . . . . .
 8 . . . . . . . . . . . . . . . . . . .
 7 . . . . . . . . . . . . . . . . . . .
 6 . . . . . . . . . . . . . . . . . . .
 5 . . . . . . . . . . . . . . . . . . .
 4 . . . . . . . . . . . . . . . . . . .
 3 . . . . . . . . . . . . . . . . . . .
 2 . . . . . . . . . . . . . . . . . . .
 1 . . . . . . . . . . . . . . . . . . .

koPOSITIONALscoreAREAtaxNONEsui1komi7.5
Time taken: ###
Root visits: 1500
New playouts: 1500
NN rows: 1332
NN batches: 1332
NN avg batch size: 1
PV: Q15 Q16 P16 P17 O17 P18 O18 S16 R18 Q18 S15 S18 R17 S17 O15 Q3 C16
Tree:
: T -21.33c W  -3.39c S  -0.71c ( -0.9 L  -0.7) N    1500  --  Q15 Q16 P16 P17 O17 P18 O18
---Black(^)---
Q15 : T -17.94c W  -1.20c S  -0.24c ( -0.2 L  +0.0) LCB  -20.67c P  4.32% WF 1013.1 PSV    1046 N     988  --  Q15 Q16 P16 P17 O17 P18 O18 S16
Q16 : T -26.64c W  -2.27c S  -0.35c ( -0.3 L  -0.2) LCB  -31.86c P 39.83% WF 208.3 PSV     216 N     222  --  Q16 R17 Q17 S15 S16 S17 S14 T16
S16 : T -21.68c W  -8.22c S  -1.89c ( -2.6 L  -2.4) LCB  -33.00c P  1.47% WF  22.6 PSV      18 N      23  --  S16 Q16 Q15 S17 P16 S15 S14 T16
R17 : T -21.13c W -11.28c S  -2.69c ( -3.8 L  -3.6) LCB  -33.68c P  0.50% WF  11.8 PSV       7 N      12  --  R17 Q16 S16 Q17 S18 R18 S17 Q3
P15 : T -19.64c W -11.33c S  -2.52c ( -3.6 L  -3.4) LCB  -35.27c P  0.19% WF  11.9 PSV       4 N      12  --  P15 Q16 Q15 O17 D3
D3  : T -55.00c W  -6.42c S  -1.45c ( -2.0 L  -2.1) LCB -132.32c P  2.63% WF   2.6 PSV       3 N       3  --  D3 Q16 D17
C4  : T -55.08c W  -6.62c S  -1.54c ( -2.1 L  -2.2) LCB -132.26c P  2.51% WF   2.6 PSV       3 N       3  --  C4 Q16 D17
F3  : T -21.94c W -11.79c S  -2.48c ( -3.5 L  -3.6) LCB  -43.21c P  0.20% WF   6.9 PSV       2 N       7  --  F3 Q16 C4 Q3 D17
F17 : T -21.59c W -12.46c S  -2.61c ( -3.7 L  -3.8) LCB  -65.63c P  0.17% WF   3.9 PSV       2 N       4  --  F17 Q16 C16 Q3
C14 : T -21.31c W -12.85c S  -2.69c ( -3.8 L  -4.0) LCB  -65.07c P  0.16% WF   3.9 PSV       2 N       4  --  C14 Q16 D17 Q3
MoveNum: 3 HASH: CFF111D881DED4C511B86AA2AD56BF88
   A B C D E F G H J K L M N O P Q R S T
19 . . . . . . . . . . . . . . . . . . .
18 . . . . . . . . . . . . . . . . . . .
17 . . . . . . . . . . . . . . . . . . .
16 . . . . . . . . . . . . . . . @ O2. .
15 . . . . . . . . . . . . . . . X3X1. .
14 . . . . . . . . . . . . . . . . . . .
13 . . . . . . . . . . . . . . . . . . .
12 . . . . . . . . . . . . . . . . . . .
11 . . . . . . . . . . . . . . . . . . .
10 . . . . . . . . . . . . . . . . . . .
 9 . . . . . . . . . . . . . . . . . . .
 8 . . . . . . . . . . . . . . . . . . .
 7 . . . . . . . . . . . . . . . . . . .
 6 . . . . . . . . . . . . . . . . . . .
 5 . . . . . . . . . . . . . . . . . . .
 4 . . . . . . . . . . . . . . . . . . .
 3 . . . . . . . . . . . . . . . . . . .
 2 . . . . . . . . . . . . . . . . . . .
 1 . . . . . . . . . . . . . . . . . . .

koPOSITIONALscoreAREAtaxNONEsui1komi7.5
Time taken: ###
Root visits: 1500
New playouts: 1500
NN rows: 1182
NN batches: 1182
NN avg batch size: 1
PV: Q16 P16 S15 S14 S16 P15 S13 R14 T14 P18 Q18 D17 D3
Tree:
: T -21.16c W  -5.31c S  -1.57c ( -1.7 L  -2.1) N    1500  --  Q16 P16 S15 S14 S16 P15 S13
---White(^)---
Q16 : T -19.15c W  -4.66c S  -1.44c ( -1.5 L  -1.9) LCB  -22.07c P 22.87% WF 766.2 PSV     755 N     755  --  Q16 P16 S15 S14 S16 P15 S13 R14
Q17 : T -19.22c W   2.11c S  -0.22c ( +0.3 L  +0.5) LCB  -25.49c P  3.22% WF 131.8 PSV     101 N     131  --  Q17 C16 D16 D17 C15 C17 C4
P17 : T -32.45c W  -8.17c S  -2.19c ( -2.6 L  -3.0) LCB  -45.62c P  6.20% WF  18.7 PSV      20 N      20  --  P17 Q16 Q17 R17 R18 S16 S17 C16
S15 : T -19.52c W  -6.02c S  -1.81c ( -2.1 L  -2.6) LCB  -31.80c P  0.64% WF  33.0 PSV      16 N      33  --  S15 Q16 R17 S14 Q17 D3 C16
G17 : T -18.44c W  -9.89c S  -2.25c ( -2.7 L  -3.0) LCB  -31.89c P  0.15% WF  18.1 PSV       9 N      18  --  G17 P17 D16 C4
S16 : T -18.70c W  -7.35c S  -2.11c ( -2.5 L  -3.0) LCB  -29.41c P  0.14% WF  29.1 PSV       6 N      29  --  S16 P17 Q17 Q16 Q18 P18 S15 S14
R7  : T -18.85c W -10.23c S  -2.31c ( -2.8 L  -3.0) LCB  -31.89c P  0.15% WF  18.0 PSV       6 N      18  --  R7 P17 Q4 D17 C4
F4  : T -18.64c W  -7.34c S  -1.87c ( -2.1 L  -2.4) LCB  -32.03c P  0.14% WF  16.0 PSV       6 N      16  --  F4 Q16 C4 D17 R4
D3  : T -53.44c W  -2.12c S  -1.04c ( -0.9 L  -1.2) LCB  -85.47c P  5.11% WF   5.2 PSV       6 N       6  --  D3 Q16 D17
Q3  : T -53.28c W  -2.57c S  -1.11c ( -1.0 L  -1.3) LCB  -85.63c P  4.60% WF   5.2 PSV       6 N       6  --  Q3 Q16 D3
