KataGo v1.14.1
Using koPOSITIONALscoreAREAtaxNONEsui0 rules initially, unless GTP/GUI overrides this
Initializing board with boardXSize 19 boardYSize 19
Loaded config configs/gtp_example.cfg and/or command-line and query overrides
Loaded model tests/models/g170-b6c96-s175395328-d26788732.bin.gz
Model name: g170-b6c96-s175395328-d26788732
GTP ready, beginning main protocol loop
MoveNum: 0 HASH: CDCBC1F514D7E680FACD226074256633
   A B C D E F G H J K L M N O P Q R S T
19 . . . . . . . . . . . . . . . . . . .
18 . . . . . . . . . . . . . . . . . . .
17 . . . . . . . . . . . . . . . . . . .
16 . . . . . . . . . . . . . . . . . . .
15 . . . . . . . . . . . . . . . . . . .
14 . . . . . . . . . . . . . . . . . . .
13 . . . . . . . . . . . . . . . . . . .
12 . . . . . . . . . . . . . . . . . . .
11 . . . . . . . . . . . . . . . . . . .
10 . . . . . . . . . . . . . . . . . . .
 9 . . . . . . . . . . . . . . . . . . .
 8 . . . . . . . . . . . . . . . . . . .
 7 . . . . . . . . . . . . . . . . . . .
 6 . . . . . . . . . . . . . . . . . . .
 5 . . . . . . . . . . . . . . . . . . .
 4 . . . . . . . . . . . . . . . . @ . .
 3 . . . . . . . . . . . . . . . . . . .
 2 . . . . . . . . . . . . . . . . . . .
 1 . . . . . . . . . . . . . . . . . . .

koPOSITIONALscoreAREAtaxNONEsui0komi7.5
Time taken: ###
Root visits: 100
New playouts: 100
NN rows: 88
NN batches: 88
NN avg batch size: 1
PV: D3 R16 Q3 D17
Tree:
: T  -0.06c W  -0.23c S   0.28c ( +0.1 L  +0.2) N     100  --  D3 R16 Q3 D17
---Black(^)---
D3  : T   0.59c W   0.41c S   0.38c ( +0.3 L  +0.3) LCB   -2.72c P  8.47% WF  16.0 PSV      23 N      16  --  D3 R16 Q3 D17
Q17 : T   0.51c W   0.15c S   0.34c ( +0.2 L  +0.2) LCB   -3.49c P  8.89% WF  15.0 PSV      15 N      15  --  Q17 D3 C16 Q3 E16
Q3  : T  -0.12c W  -0.16c S   0.32c ( +0.2 L  +0.3) LCB   -5.61c P  9.00% WF  12.0 PSV      12 N      12  --  Q3 D3 C16 Q17 E16
R16 : T   0.09c W  -0.07c S   0.32c ( +0.2 L  +0.2) LCB   -5.17c P  7.48% WF  12.0 PSV      11 N      12  --  R16 D3 C16 Q3 E16
C4  : T  -0.08c W  -0.05c S   0.26c ( +0.1 L  +0.1) LCB   -7.06c P  8.75% WF  11.0 PSV      11 N      11  --  C4 R16 C16 Q3 E16
C16 : T  -0.01c W  -0.17c S   0.29c ( +0.2 L  +0.1) LCB   -5.33c P  8.31% WF  11.0 PSV      11 N      11  --  C16 R16 D3 Q3 E16
R4  : T  -0.52c W  -0.50c S   0.17c ( -0.0 L  +0.1) LCB   -7.94c P  9.00% WF  10.0 PSV      10 N      10  --  R4 R16 D3 D17
D17 : T  -0.73c W  -1.04c S   0.17c ( -0.0 L  -0.0) LCB  -12.34c P  8.04% WF   8.0 PSV       8 N       8  --  D17 D3 R16 Q3 P16
Q4  : T  -1.30c W  -1.87c S   0.04c ( -0.2 L  -0.1) LCB  -44.40c P  5.63% WF   4.0 PSV       4 N       4  --  Q4 D3 D17
