KataGo v1.14.1
Using koPOSITIONALscoreAREAtaxNONEsui0button1 rules initially, unless GTP/GUI overrides this
Initializing board with boardXSize 19 boardYSize 19
Loaded config configs/gtp_example.cfg and/or command-line and query overrides
Loaded model tests/models/g170-b6c96-s175395328-d26788732.bin.gz
Model name: g170-b6c96-s175395328-d26788732
GTP ready, beginning main protocol loop
MoveNum: 0 HASH: CDCBC1F514D7E680FACD226074256633
   A B C D E F G H J K L M N O P Q R S T
19 . . . . . . . . . . . . . . . . . . .
18 . . . . . . . . . . . . . . . . . . .
17 . . . . . . . . . . . . . . . @ . . .
16 . . . . . . . . . . . . . . . . . . .
15 . . . . . . . . . . . . . . . . . . .
14 . . . . . . . . . . . . . . . . . . .
13 . . . . . . . . . . . . . . . . . . .
12 . . . . . . . . . . . . . . . . . . .
11 . . . . . . . . . . . . . . . . . . .
10 . . . . . . . . . . . . . . . . . . .
 9 . . . . . . . . . . . . . . . . . . .
 8 . . . . . . . . . . . . . . . . . . .
 7 . . . . . . . . . . . . . . . . . . .
 6 . . . . . . . . . . . . . . . . . . .
 5 . . . . . . . . . . . . . . . . . . .
 4 . . . . . . . . . . . . . . . . . . .
 3 . . . . . . . . . . . . . . . . . . .
 2 . . . . . . . . . . . . . . . . . . .
 1 . . . . . . . . . . . . . . . . . . .

koPOSITIONALscoreAREAtaxNONEsui0button1komi5.5
Time taken: ###
Root visits: 100
New playouts: 100
NN rows: 85
NN batches: 85
NN avg batch size: 1
PV: Q17 D3 C16 Q3 E16
Tree:
: T   4.71c W   4.34c S   0.47c ( +1.3 L  +1.3) N     100  --  Q17 D3 C16 Q3 E16
---Black(^)---
Q17 : T   5.46c W   4.93c S   0.54c ( +1.4 L  +1.3) LCB    2.28c P  8.97% WF  17.1 PSV      23 N      17  --  Q17 D3 C16 Q3 E16
Q3  : T   5.02c W   4.84c S   0.50c ( +1.4 L  +1.4) LCB    0.06c P  9.00% WF  13.0 PSV      13 N      13  --  Q3 D3 C16 Q17 E16
C16 : T   5.04c W   4.58c S   0.52c ( +1.4 L  +1.3) LCB   -0.21c P  8.25% WF  12.0 PSV      12 N      12  --  C16 R16 D3 Q3 E16
R4  : T   4.77c W   4.63c S   0.38c ( +1.2 L  +1.2) LCB   -1.56c P  8.97% WF  11.0 PSV      11 N      11  --  R4 D3 C16 Q17 E16
R16 : T   4.92c W   4.39c S   0.53c ( +1.4 L  +1.3) LCB   -0.95c P  7.46% WF  11.0 PSV      11 N      11  --  R16 D3 C16 Q3 E16
D3  : T   4.24c W   4.39c S   0.48c ( +1.4 L  +1.4) LCB   -2.52c P  8.46% WF  11.0 PSV       9 N      11  --  D3 R16 C16 Q3 E16
C4  : T   4.59c W   4.32c S   0.51c ( +1.4 L  +1.4) LCB   -7.12c P  8.65% WF   8.0 PSV       8 N       8  --  C4 R16 C16 Q3
D17 : T   4.21c W   3.58c S   0.41c ( +1.2 L  +1.2) LCB   -7.43c P  8.17% WF   8.0 PSV       8 N       8  --  D17 R16 D3 Q3 D5
Q4  : T   4.39c W   3.30c S   0.26c ( +1.0 L  +1.2) LCB  -15.18c P  5.55% WF   6.0 PSV       6 N       6  --  Q4 R16 D3 D17
D16 : T   2.08c W   1.93c S   0.15c ( +0.9 L  +0.8) LCB -147.55c P  4.74% WF   2.0 PSV       2 N       2  --  D16 D3
MoveNum: 1 HASH: B9239A3D4DB2A39A8A04F4DFAB2E9406
   A B C D E F G H J K L M N O P Q R S T
19 . . . . . . . . . . . . . . . . . . .
18 . . . . . . . . . . . . . . . . . . .
17 . . . . . . . . . . . . . . . X1. . .
16 . . . . . . . . . . . . . . . . . . .
15 . . . . . . . . . . . . . . . . . . .
14 . . . . . . . . . . . . . . . . . . .
13 . . . . . . . . . . . . . . . . . . .
12 . . . . . . . . . . . . . . . . . . .
11 . . . . . . . . . . . . . . . . . . .
10 . . . . . . . . . . . . . . . . . . .
 9 . . . . . . . . . . . . . . . . . . .
 8 . . . . . . . . . . . . . . . . . . .
 7 . . . . . . . . . . . . . . . . . . .
 6 . . . . . . . . . . . . . . . . . . .
 5 . . . . . . . . . . . . . . . . . . .
 4 . . . . . . . . . . . . . . . . . . .
 3 . . . . . . . . . . . . . . . @ . . .
 2 . . . . . . . . . . . . . . . . . . .
 1 . . . . . . . . . . . . . . . . . . .

koPOSITIONALscoreAREAtaxNONEsui0button1komi5.5
Time taken: ###
Root visits: 100
New playouts: 83
NN rows: 64
NN batches: 64
NN avg batch size: 1
PV: Q3 C16 D3 Q15
Tree:
: T  -5.39c W  -5.09c S  -0.36c ( -1.5 L  -1.4) N     100  --  Q3 C16 D3 Q15
---White(^)---
Q3  : T  -4.77c W  -4.79c S  -0.25c ( -1.3 L  -1.2) LCB   -6.69c P 11.87% WF  17.0 PSV      31 N      17  --  Q3 C16 D3 Q15
D3  : T  -5.23c W  -4.90c S  -0.30c ( -1.4 L  -1.3) LCB   -7.56c P 15.96% WF  19.0 PSV      19 N      19  --  D3 C16 Q3 Q15
C16 : T  -4.38c W  -4.41c S  -0.29c ( -1.4 L  -1.3) LCB   -8.45c P  8.18% WF  14.1 PSV      14 N      14  --  C16 D3 Q3 D5
D17 : T  -5.46c W  -5.29c S  -0.36c ( -1.5 L  -1.4) LCB  -10.04c P 10.73% WF  12.0 PSV      12 N      12  --  D17 Q3 D3 Q5
C4  : T  -5.48c W  -5.25c S  -0.42c ( -1.6 L  -1.4) LCB  -12.90c P  9.80% WF  10.0 PSV      10 N      10  --  C4 Q3 D17 Q5
R4  : T  -5.78c W  -5.67c S  -0.48c ( -1.7 L  -1.5) LCB  -13.17c P  9.53% WF  10.0 PSV       9 N      10  --  R4 C16 D3 E16
Q16 : T  -6.87c W  -5.29c S  -0.41c ( -1.6 L  -1.7) LCB  -26.89c P  7.30% WF   6.0 PSV       5 N       6  --  Q16 R16 P17 R17 D17 D3
D4  : T  -6.90c W  -6.09c S  -0.63c ( -1.9 L  -1.8) LCB  -49.98c P  5.92% WF   4.0 PSV       4 N       4  --  D4 C16 Q3
D16 : T  -6.61c W  -5.75c S  -0.55c ( -1.8 L  -1.7) LCB  -49.54c P  4.95% WF   4.0 PSV       3 N       4  --  D16 D3 Q3 Q15
Q4  : T  -6.05c W  -5.05c S  -0.46c ( -1.6 L  -1.7) LCB  -79.94c P  4.31% WF   3.0 PSV       3 N       3  --  Q4 D3 D17
MoveNum: 0 HASH: CDCBC1F514D7E680FACD226074256633
   A B C D E F G H J K L M N O P Q R S T
19 . . . . . . . . . . . . . . . . . . .
18 . . . . . . . . . . . . . . . . . . .
17 . . . . . . . . . . . . . . . . . . .
16 . . @ . . . . . . . . . . . . . . . .
15 . . . . . . . . . . . . . . . . . . .
14 . . . . . . . . . . . . . . . . . . .
13 . . . . . . . . . . . . . . . . . . .
12 . . . . . . . . . . . . . . . . . . .
11 . . . . . . . . . . . . . . . . . . .
10 . . . . . . . . . . . . . . . . . . .
 9 . . . . . . . . . . . . . . . . . . .
 8 . . . . . . . . . . . . . . . . . . .
 7 . . . . . . . . . . . . . . . . . . .
 6 . . . . . . . . . . . . . . . . . . .
 5 . . . . . . . . . . . . . . . . . . .
 4 . . . . . . . . . . . . . . . . . . .
 3 . . . . . . . . . . . . . . . . . . .
 2 . . . . . . . . . . . . . . . . . . .
 1 . . . . . . . . . . . . . . . . . . .

koPOSITIONALscoreAREAtaxNONEsui0button1komi5.5
Time taken: ###
Root visits: 100
New playouts: 100
NN rows: 0
NN batches: 0
NN avg batch size: -nan
PV: Q17 D3 C16 Q3 E16
Tree:
: T   4.71c W   4.34c S   0.47c ( +1.3 L  +1.3) N     100  --  Q17 D3 C16 Q3 E16
---Black(^)---
Q17 : T   5.46c W   4.93c S   0.54c ( +1.4 L  +1.3) LCB    2.28c P  8.97% WF  17.1 PSV      23 N      17  --  Q17 D3 C16 Q3 E16
Q3  : T   5.02c W   4.84c S   0.50c ( +1.4 L  +1.4) LCB    0.06c P  9.00% WF  13.0 PSV      13 N      13  --  Q3 D3 C16 Q17 E16
C16 : T   5.04c W   4.58c S   0.52c ( +1.4 L  +1.3) LCB   -0.21c P  8.25% WF  12.0 PSV      12 N      12  --  C16 R16 D3 Q3 E16
R4  : T   4.77c W   4.63c S   0.38c ( +1.2 L  +1.2) LCB   -1.56c P  8.97% WF  11.0 PSV      11 N      11  --  R4 D3 C16 Q17 E16
R16 : T   4.92c W   4.39c S   0.53c ( +1.4 L  +1.3) LCB   -0.95c P  7.46% WF  11.0 PSV      11 N      11  --  R16 D3 C16 Q3 E16
D3  : T   4.24c W   4.39c S   0.48c ( +1.4 L  +1.4) LCB   -2.52c P  8.46% WF  11.0 PSV       9 N      11  --  D3 R16 C16 Q3 E16
C4  : T   4.59c W   4.32c S   0.51c ( +1.4 L  +1.4) LCB   -7.12c P  8.65% WF   8.0 PSV       8 N       8  --  C4 R16 C16 Q3
D17 : T   4.21c W   3.58c S   0.41c ( +1.2 L  +1.2) LCB   -7.43c P  8.17% WF   8.0 PSV       8 N       8  --  D17 R16 D3 Q3 D5
Q4  : T   4.39c W   3.30c S   0.26c ( +1.0 L  +1.2) LCB  -15.18c P  5.55% WF   6.0 PSV       6 N       6  --  Q4 R16 D3 D17
D16 : T   2.08c W   1.93c S   0.15c ( +0.9 L  +0.8) LCB -147.55c P  4.74% WF   2.0 PSV       2 N       2  --  D16 D3
Changed rules to Chinese
MoveNum: 1 HASH: 5CAAD553F3A4AF0F47459C51E40D103A
   A B C D E F G H J K L M N O P Q R S T
19 . . . . . . . . . . . . . . . . . . .
18 . . . . . . . . . . . . . . . . . . .
17 . . . . . . . . . . . . . . . . . . .
16 . . X1. . . . . . . . . . . . . . . .
15 . . . . . . . . . . . . . . . . . . .
14 . . . . . . . . . . . . . . . . . . .
13 . . . . . . . . . . . . . . . . . . .
12 . . . . . . . . . . . . . . . . . . .
11 . . . . . . . . . . . . . . . . . . .
10 . . . . . . . . . . . . . . . . . . .
 9 . . . . . . . . . . . . . . . . . . .
 8 . . . . . . . . . . . . . . . . . . .
 7 . . . . . . . . . . . . . . . . . . .
 6 . . . . . . . . . . . . . . . . . . .
 5 . . . . . . . . . . . . . . . . . . .
 4 . . . . . . . . . . . . . . . . . . .
 3 . . . . . . . . . . . . . . . @ . . .
 2 . . . . . . . . . . . . . . . . . . .
 1 . . . . . . . . . . . . . . . . . . .

koSIMPLEscoreAREAtaxNONEsui0whbNfpok1komi5.5
Time taken: ###
Root visits: 100
New playouts: 100
NN rows: 80
NN batches: 80
NN avg batch size: 1
PV: Q3 Q17 D3 Q15
Tree:
: T  -5.07c W  -5.12c S   0.07c ( -1.5 L  -1.4) N     100  --  Q3 Q17 D3 Q15
---White(^)---
Q3  : T  -4.48c W  -4.93c S   0.14c ( -1.4 L  -1.3) LCB   -7.21c P 11.76% WF  16.0 PSV      25 N      16  --  Q3 Q17 D3 Q15
D3  : T  -4.76c W  -4.97c S   0.08c ( -1.4 L  -1.3) LCB   -7.91c P 13.73% WF  16.0 PSV      16 N      16  --  D3 Q17 Q3 Q15
Q17 : T  -4.42c W  -4.81c S   0.14c ( -1.4 L  -1.3) LCB   -7.61c P 11.10% WF  16.0 PSV      16 N      16  --  Q17 Q3 D3 Q5
R16 : T  -5.03c W  -4.94c S   0.11c ( -1.4 L  -1.4) LCB   -8.68c P 13.35% WF  15.0 PSV      14 N      15  --  R16 C4 Q3 E4
R4  : T  -5.51c W  -5.72c S  -0.04c ( -1.6 L  -1.5) LCB  -11.77c P 12.11% WF  11.0 PSV      11 N      11  --  R4 R16 D3 E16
C4  : T  -5.39c W  -5.47c S  -0.02c ( -1.6 L  -1.4) LCB  -16.84c P  8.27% WF   8.0 PSV       8 N       8  --  C4 Q17 Q3 Q15
Q16 : T  -6.08c W  -5.91c S  -0.07c ( -1.7 L  -1.5) LCB  -34.12c P  5.18% WF   5.0 PSV       4 N       5  --  Q16 D3 Q3 E16
D16 : T  -6.32c W  -4.07c S   0.20c ( -1.3 L  -1.5) LCB  -49.80c P  6.12% WF   4.0 PSV       4 N       4  --  D16 D17 E17 C17
D4  : T  -5.73c W  -5.26c S  -0.05c ( -1.6 L  -1.5) LCB  -48.75c P  4.92% WF   4.0 PSV       4 N       4  --  D4 R16 Q3 P16
Q4  : T  -5.33c W  -5.09c S   0.04c ( -1.5 L  -1.4) LCB  -48.25c P  4.50% WF   4.0 PSV       4 N       4  --  Q4 D3 Q17 D5
