=
info move E5 visits 22 utility -0.802345 winrate 0.101754 scoreMean -0.465401 scoreStdev 8.31547 scoreLead -0.465401 scoreSelfplay -1.78779 prior 0.581213 lcb 0.0939552 utilityLcb -0.824182 weight 42.8229 order 0 pv E5 E3 C4 D7 info move F5 visits 7 utility -0.776368 winrate 0.116963 scoreMean -0.291177 scoreStdev 7.16022 scoreLead -0.291177 scoreSelfplay -1.51293 prior 0.0861474 lcb 0.0617736 utilityLcb -0.930898 weight 12.6827 order 1 pv F5 D5 E7 D3 C6 info move D5 visits 7 utility -0.776368 winrate 0.116963 scoreMean -0.291177 scoreStdev 7.16022 scoreLead -0.291177 scoreSelfplay -1.51293 prior 0.0861474 lcb 0.0617736 utilityLcb -0.930898 weight 12.6827 isSymmetryOf F5 order 2 pv D5 F5 E7 F3 G6 info move E4 visits 7 utility -0.776368 winrate 0.116963 scoreMean -0.291177 scoreStdev 7.16022 scoreLead -0.291177 scoreSelfplay -1.51293 prior 0.0861474 lcb 0.0617736 utilityLcb -0.930898 weight 12.6827 isSymmetryOf F5 order 3 pv E4 E6 C5 G6 D7 info move E6 visits 7 utility -0.776368 winrate 0.116963 scoreMean -0.291177 scoreStdev 7.16022 scoreLead -0.291177 scoreSelfplay -1.51293 prior 0.0861474 lcb 0.0617736 utilityLcb -0.930898 weight 12.6827 isSymmetryOf F5 order 4 pv E6 E4 C5 G4 D3
play E5

= 

=
info move C5 visits 15 utility -0.804809 winrate 0.114239 scoreMean -1.00225 scoreStdev 8.46134 scoreLead -1.00225 scoreSelfplay -2.5372 prior 0.166154 lcb 0.0895984 utilityLcb -0.873804 weight 26.4461 order 0 pv C5 C4 G4 info move G5 visits 15 utility -0.804809 winrate 0.114239 scoreMean -1.00225 scoreStdev 8.46134 scoreLead -1.00225 scoreSelfplay -2.5372 prior 0.166154 lcb 0.0895984 utilityLcb -0.873804 weight 26.4461 isSymmetryOf C5 order 1 pv G5 G4 C4 info move E7 visits 15 utility -0.804809 winrate 0.114239 scoreMean -1.00225 scoreStdev 8.46134 scoreLead -1.00225 scoreSelfplay -2.5372 prior 0.166154 lcb 0.0895984 utilityLcb -0.873804 weight 26.4461 isSymmetryOf C5 order 2 pv E7 F7 F3 info move E3 visits 15 utility -0.804809 winrate 0.114239 scoreMean -1.00225 scoreStdev 8.46134 scoreLead -1.00225 scoreSelfplay -2.5372 prior 0.166154 lcb 0.0895984 utilityLcb -0.873804 weight 26.4461 isSymmetryOf C5 order 3 pv E3 F3 F7 info move C4 visits 1 utility -0.826717 winrate 0.103251 scoreMean -0.724701 scoreStdev 9.08686 scoreLead -0.724701 scoreSelfplay -2.61361 prior 0.0157575 lcb -1.14675 utilityLcb -4.32672 weight 1.89817 order 4 pv C4 info move C6 visits 1 utility -0.826717 winrate 0.103251 scoreMean -0.724701 scoreStdev 9.08686 scoreLead -0.724701 scoreSelfplay -2.61361 prior 0.0157575 lcb -1.14675 utilityLcb -4.32672 weight 1.89817 isSymmetryOf C4 order 5 pv C6 info move G4 visits 1 utility -0.826717 winrate 0.103251 scoreMean -0.724701 scoreStdev 9.08686 scoreLead -0.724701 scoreSelfplay -2.61361 prior 0.0157575 lcb -1.14675 utilityLcb -4.32672 weight 1.89817 isSymmetryOf C4 order 6 pv G4 info move G6 visits 1 utility -0.826717 winrate 0.103251 scoreMean -0.724701 scoreStdev 9.08686 scoreLead -0.724701 scoreSelfplay -2.61361 prior 0.0157575 lcb -1.14675 utilityLcb -4.32672 weight 1.89817 isSymmetryOf C4 order 7 pv G6 info move F7 visits 1 utility -0.826717 winrate 0.103251 scoreMean -0.724701 scoreStdev 9.08686 scoreLead -0.724701 scoreSelfplay -2.61361 prior 0.0157575 lcb -1.14675 utilityLcb -4.32672 weight 1.89817 isSymmetryOf C4 order 8 pv F7 info move D7 visits 1 utility -0.826717 winrate 0.103251 scoreMean -0.724701 scoreStdev 9.08686 scoreLead -0.724701 scoreSelfplay -2.61361 prior 0.0157575 lcb -1.14675 utilityLcb -4.32672 weight 1.89817 isSymmetryOf C4 order 9 pv D7 info move F3 visits 1 utility -0.826717 winrate 0.103251 scoreMean -0.724701 scoreStdev 9.08686 scoreLead -0.724701 scoreSelfplay -2.61361 prior 0.0157575 lcb -1.14675 utilityLcb -4.32672 weight 1.89817 isSymmetryOf C4 order 10 pv F3 info move D3 visits 1 utility -0.826717 winrate 0.103251 scoreMean -0.724701 scoreStdev 9.08686 scoreLead -0.724701 scoreSelfplay -2.61361 prior 0.0157575 lcb -1.14675 utilityLcb -4.32672 weight 1.89817 isSymmetryOf C4 order 11 pv D3 info move C3 visits 1 utility -0.883777 winrate 0.0817993 scoreMean -1.21886 scoreStdev 8.63076 scoreLead -1.21886 scoreSelfplay -3.31125 prior 0.00837121 lcb -1.1682 utilityLcb -4.38378 weight 1.99557 order 12 pv C3 info move C7 visits 1 utility -0.883777 winrate 0.0817993 scoreMean -1.21886 scoreStdev 8.63076 scoreLead -1.21886 scoreSelfplay -3.31125 prior 0.00837121 lcb -1.1682 utilityLcb -4.38378 weight 1.99557 isSymmetryOf C3 order 13 pv C7 info move G3 visits 1 utility -0.883777 winrate 0.0817993 scoreMean -1.21886 scoreStdev 8.63076 scoreLead -1.21886 scoreSelfplay -3.31125 prior 0.00837121 lcb -1.1682 utilityLcb -4.38378 weight 1.99557 isSymmetryOf C3 order 14 pv G3 info move G7 visits 1 utility -0.883777 winrate 0.0817993 scoreMean -1.21886 scoreStdev 8.63076 scoreLead -1.21886 scoreSelfplay -3.31125 prior 0.00837121 lcb -1.1682 utilityLcb -4.38378 weight 1.99557 isSymmetryOf C3 order 15 pv G7 info move D4 visits 1 utility -0.941269 winrate 0.057748 scoreMean -1.70317 scoreStdev 8.5308 scoreLead -1.70317 scoreSelfplay -3.79178 prior 0.00046628 lcb -1.19225 utilityLcb -4.44127 weight 2.16654 order 16 pv D4 info move D6 visits 1 utility -0.941269 winrate 0.057748 scoreMean -1.70317 scoreStdev 8.5308 scoreLead -1.70317 scoreSelfplay -3.79178 prior 0.00046628 lcb -1.19225 utilityLcb -4.44127 weight 2.16654 isSymmetryOf D4 order 17 pv D6 info move F4 visits 1 utility -0.941269 winrate 0.057748 scoreMean -1.70317 scoreStdev 8.5308 scoreLead -1.70317 scoreSelfplay -3.79178 prior 0.00046628 lcb -1.19225 utilityLcb -4.44127 weight 2.16654 isSymmetryOf D4 order 18 pv F4 info move F6 visits 1 utility -0.941269 winrate 0.057748 scoreMean -1.70317 scoreStdev 8.5308 scoreLead -1.70317 scoreSelfplay -3.79178 prior 0.00046628 lcb -1.19225 utilityLcb -4.44127 weight 2.16654 isSymmetryOf D4 order 19 pv F6 info move B5 visits 1 utility -0.994375 winrate 0.0386711 scoreMean -2.60529 scoreStdev 7.52762 scoreLead -2.60529 scoreSelfplay -4.37632 prior 0.000361372 lcb -1.21133 utilityLcb -4.49437 weight 2.50928 order 20 pv B5 info move H5 visits 1 utility -0.994375 winrate 0.0386711 scoreMean -2.60529 scoreStdev 7.52762 scoreLead -2.60529 scoreSelfplay -4.37632 prior 0.000361372 lcb -1.21133 utilityLcb -4.49437 weight 2.50928 isSymmetryOf B5 order 21 pv H5 info move E8 visits 1 utility -0.994375 winrate 0.0386711 scoreMean -2.60529 scoreStdev 7.52762 scoreLead -2.60529 scoreSelfplay -4.37632 prior 0.000361372 lcb -1.21133 utilityLcb -4.49437 weight 2.50928 isSymmetryOf B5 order 22 pv E8 info move E2 visits 1 utility -0.994375 winrate 0.0386711 scoreMean -2.60529 scoreStdev 7.52762 scoreLead -2.60529 scoreSelfplay -4.37632 prior 0.000361372 lcb -1.21133 utilityLcb -4.49437 weight 2.50928 isSymmetryOf B5 order 23 pv E2 info move D5 visits 1 utility -0.972808 winrate 0.0460175 scoreMean -1.88437 scoreStdev 7.78249 scoreLead -1.88437 scoreSelfplay -4.07764 prior 0.000139352 lcb -1.20398 utilityLcb -4.47281 weight 3.75638 order 24 pv D5 info move F5 visits 1 utility -0.972808 winrate 0.0460175 scoreMean -1.88437 scoreStdev 7.78249 scoreLead -1.88437 scoreSelfplay -4.07764 prior 0.000139352 lcb -1.20398 utilityLcb -4.47281 weight 3.75638 isSymmetryOf D5 order 25 pv F5 info move E6 visits 1 utility -0.972808 winrate 0.0460175 scoreMean -1.88437 scoreStdev 7.78249 scoreLead -1.88437 scoreSelfplay -4.07764 prior 0.000139352 lcb -1.20398 utilityLcb -4.47281 weight 3.75638 isSymmetryOf D5 order 26 pv E6 info move E4 visits 1 utility -0.972808 winrate 0.0460175 scoreMean -1.88437 scoreStdev 7.78249 scoreLead -1.88437 scoreSelfplay -4.07764 prior 0.000139352 lcb -1.20398 utilityLcb -4.47281 weight 3.75638 isSymmetryOf D5 order 27 pv E4 info move B4 visits 1 utility -1.03623 winrate 0.022656 scoreMean -3.31966 scoreStdev 6.47524 scoreLead -3.31966 scoreSelfplay -4.63041 prior 0.000104577 lcb -1.22734 utilityLcb -4.53623 weight 3.1465 order 28 pv B4 info move B6 visits 1 utility -1.03623 winrate 0.022656 scoreMean -3.31966 scoreStdev 6.47524 scoreLead -3.31966 scoreSelfplay -4.63041 prior 0.000104577 lcb -1.22734 utilityLcb -4.53623 weight 3.1465 isSymmetryOf B4 order 29 pv B6 info move H4 visits 1 utility -1.03623 winrate 0.022656 scoreMean -3.31966 scoreStdev 6.47524 scoreLead -3.31966 scoreSelfplay -4.63041 prior 0.000104577 lcb -1.22734 utilityLcb -4.53623 weight 3.1465 isSymmetryOf B4 order 30 pv H4 info move H6 visits 1 utility -1.03623 winrate 0.022656 scoreMean -3.31966 scoreStdev 6.47524 scoreLead -3.31966 scoreSelfplay -4.63041 prior 0.000104577 lcb -1.22734 utilityLcb -4.53623 weight 3.1465 isSymmetryOf B4 order 31 pv H6 info move F8 visits 1 utility -1.03623 winrate 0.022656 scoreMean -3.31966 scoreStdev 6.47524 scoreLead -3.31966 scoreSelfplay -4.63041 prior 0.000104577 lcb -1.22734 utilityLcb -4.53623 weight 3.1465 isSymmetryOf B4 order 32 pv F8 info move D8 visits 1 utility -1.03623 winrate 0.022656 scoreMean -3.31966 scoreStdev 6.47524 scoreLead -3.31966 scoreSelfplay -4.63041 prior 0.000104577 lcb -1.22734 utilityLcb -4.53623 weight 3.1465 isSymmetryOf B4 order 33 pv D8 info move F2 visits 1 utility -1.03623 winrate 0.022656 scoreMean -3.31966 scoreStdev 6.47524 scoreLead -3.31966 scoreSelfplay -4.63041 prior 0.000104577 lcb -1.22734 utilityLcb -4.53623 weight 3.1465 isSymmetryOf B4 order 34 pv F2 info move D2 visits 1 utility -1.03623 winrate 0.022656 scoreMean -3.31966 scoreStdev 6.47524 scoreLead -3.31966 scoreSelfplay -4.63041 prior 0.000104577 lcb -1.22734 utilityLcb -4.53623 weight 3.1465 isSymmetryOf B4 order 35 pv D2 info move B3 visits 1 utility -1.05707 winrate 0.016551 scoreMean -4.06551 scoreStdev 6.0845 scoreLead -4.06551 scoreSelfplay -4.95113 prior 7.47016e-05 lcb -1.23345 utilityLcb -4.55707 weight 3.57487 order 36 pv B3 info move B7 visits 1 utility -1.05707 winrate 0.016551 scoreMean -4.06551 scoreStdev 6.0845 scoreLead -4.06551 scoreSelfplay -4.95113 prior 7.47016e-05 lcb -1.23345 utilityLcb -4.55707 weight 3.57487 isSymmetryOf B3 order 37 pv B7 info move H3 visits 1 utility -1.05707 winrate 0.016551 scoreMean -4.06551 scoreStdev 6.0845 scoreLead -4.06551 scoreSelfplay -4.95113 prior 7.47016e-05 lcb -1.23345 utilityLcb -4.55707 weight 3.57487 isSymmetryOf B3 order 38 pv H3 info move H7 visits 1 utility -1.05707 winrate 0.016551 scoreMean -4.06551 scoreStdev 6.0845 scoreLead -4.06551 scoreSelfplay -4.95113 prior 7.47016e-05 lcb -1.23345 utilityLcb -4.55707 weight 3.57487 isSymmetryOf B3 order 39 pv H7 info move G8 visits 1 utility -1.05707 winrate 0.016551 scoreMean -4.06551 scoreStdev 6.0845 scoreLead -4.06551 scoreSelfplay -4.95113 prior 7.47016e-05 lcb -1.23345 utilityLcb -4.55707 weight 3.57487 isSymmetryOf B3 order 40 pv G8 info move C8 visits 1 utility -1.05707 winrate 0.016551 scoreMean -4.06551 scoreStdev 6.0845 scoreLead -4.06551 scoreSelfplay -4.95113 prior 7.47016e-05 lcb -1.23345 utilityLcb -4.55707 weight 3.57487 isSymmetryOf B3 order 41 pv C8 info move G2 visits 1 utility -1.05707 winrate 0.016551 scoreMean -4.06551 scoreStdev 6.0845 scoreLead -4.06551 scoreSelfplay -4.95113 prior 7.47016e-05 lcb -1.23345 utilityLcb -4.55707 weight 3.57487 isSymmetryOf B3 order 42 pv G2 info move C2 visits 1 utility -1.05707 winrate 0.016551 scoreMean -4.06551 scoreStdev 6.0845 scoreLead -4.06551 scoreSelfplay -4.95113 prior 7.47016e-05 lcb -1.23345 utilityLcb -4.55707 weight 3.57487 isSymmetryOf B3 order 43 pv C2 info move pass visits 1 utility -1.20358 winrate 0.000391304 scoreMean -10.7937 scoreStdev 3.92492 scoreLead -10.7937 scoreSelfplay -10.5394 prior 6.58358e-05 lcb -1.24961 utilityLcb -4.70358 weight 7.09792 order 44 pv pass info move B2 visits 1 utility -1.09112 winrate 0.0149635 scoreMean -5.40097 scoreStdev 5.41195 scoreLead -5.40097 scoreSelfplay -6.26072 prior 5.3617e-05 lcb -1.23504 utilityLcb -4.59112 weight 5.23553 order 45 pv B2 info move B8 visits 1 utility -1.09112 winrate 0.0149635 scoreMean -5.40097 scoreStdev 5.41195 scoreLead -5.40097 scoreSelfplay -6.26072 prior 5.3617e-05 lcb -1.23504 utilityLcb -4.59112 weight 5.23553 isSymmetryOf B2 order 46 pv B8 info move H2 visits 1 utility -1.09112 winrate 0.0149635 scoreMean -5.40097 scoreStdev 5.41195 scoreLead -5.40097 scoreSelfplay -6.26072 prior 5.3617e-05 lcb -1.23504 utilityLcb -4.59112 weight 5.23553 isSymmetryOf B2 order 47 pv H2 info move H8 visits 1 utility -1.09112 winrate 0.0149635 scoreMean -5.40097 scoreStdev 5.41195 scoreLead -5.40097 scoreSelfplay -6.26072 prior 5.3617e-05 lcb -1.23504 utilityLcb -4.59112 weight 5.23553 isSymmetryOf B2 order 48 pv H8 info move A1 visits 1 utility -1.19296 winrate 0.00173288 scoreMean -10.3562 scoreStdev 4.81231 scoreLead -10.3562 scoreSelfplay -10.3793 prior 4.10237e-05 lcb -1.24827 utilityLcb -4.69296 weight 6.96113 order 49 pv A1 info move A9 visits 1 utility -1.19296 winrate 0.00173288 scoreMean -10.3562 scoreStdev 4.81231 scoreLead -10.3562 scoreSelfplay -10.3793 prior 4.10237e-05 lcb -1.24827 utilityLcb -4.69296 weight 6.96113 isSymmetryOf A1 order 50 pv A9 info move J1 visits 1 utility -1.19296 winrate 0.00173288 scoreMean -10.3562 scoreStdev 4.81231 scoreLead -10.3562 scoreSelfplay -10.3793 prior 4.10237e-05 lcb -1.24827 utilityLcb -4.69296 weight 6.96113 isSymmetryOf A1 order 51 pv J1 info move J9 visits 1 utility -1.19296 winrate 0.00173288 scoreMean -10.3562 scoreStdev 4.81231 scoreLead -10.3562 scoreSelfplay -10.3793 prior 4.10237e-05 lcb -1.24827 utilityLcb -4.69296 weight 6.96113 isSymmetryOf A1 order 52 pv J9 info move A3 visits 1 utility -1.13632 winrate 0.00875973 scoreMean -7.4957 scoreStdev 5.08816 scoreLead -7.4957 scoreSelfplay -7.86245 prior 3.73485e-05 lcb -1.24124 utilityLcb -4.63632 weight 6.25938 order 53 pv A3 info move A7 visits 1 utility -1.13632 winrate 0.00875973 scoreMean -7.4957 scoreStdev 5.08816 scoreLead -7.4957 scoreSelfplay -7.86245 prior 3.73485e-05 lcb -1.24124 utilityLcb -4.63632 weight 6.25938 isSymmetryOf A3 order 54 pv A7 info move J3 visits 1 utility -1.13632 winrate 0.00875973 scoreMean -7.4957 scoreStdev 5.08816 scoreLead -7.4957 scoreSelfplay -7.86245 prior 3.73485e-05 lcb -1.24124 utilityLcb -4.63632 weight 6.25938 isSymmetryOf A3 order 55 pv J3 info move J7 visits 1 utility -1.13632 winrate 0.00875973 scoreMean -7.4957 scoreStdev 5.08816 scoreLead -7.4957 scoreSelfplay -7.86245 prior 3.73485e-05 lcb -1.24124 utilityLcb -4.63632 weight 6.25938 isSymmetryOf A3 order 56 pv J7 info move G9 visits 1 utility -1.13632 winrate 0.00875973 scoreMean -7.4957 scoreStdev 5.08816 scoreLead -7.4957 scoreSelfplay -7.86245 prior 3.73485e-05 lcb -1.24124 utilityLcb -4.63632 weight 6.25938 isSymmetryOf A3 order 57 pv G9 info move C9 visits 1 utility -1.13632 winrate 0.00875973 scoreMean -7.4957 scoreStdev 5.08816 scoreLead -7.4957 scoreSelfplay -7.86245 prior 3.73485e-05 lcb -1.24124 utilityLcb -4.63632 weight 6.25938 isSymmetryOf A3 order 58 pv C9 info move G1 visits 1 utility -1.13632 winrate 0.00875973 scoreMean -7.4957 scoreStdev 5.08816 scoreLead -7.4957 scoreSelfplay -7.86245 prior 3.73485e-05 lcb -1.24124 utilityLcb -4.63632 weight 6.25938 isSymmetryOf A3 order 59 pv G1 info move C1 visits 1 utility -1.13632 winrate 0.00875973 scoreMean -7.4957 scoreStdev 5.08816 scoreLead -7.4957 scoreSelfplay -7.86245 prior 3.73485e-05 lcb -1.24124 utilityLcb -4.63632 weight 6.25938 isSymmetryOf A3 order 60 pv C1 info move A5 visits 1 utility -1.11957 winrate 0.0128827 scoreMean -6.90863 scoreStdev 5.35568 scoreLead -6.90863 scoreSelfplay -7.50329 prior 3.71086e-05 lcb -1.23712 utilityLcb -4.61957 weight 6.04222 order 61 pv A5 info move J5 visits 1 utility -1.11957 winrate 0.0128827 scoreMean -6.90863 scoreStdev 5.35568 scoreLead -6.90863 scoreSelfplay -7.50329 prior 3.71086e-05 lcb -1.23712 utilityLcb -4.61957 weight 6.04222 isSymmetryOf A5 order 62 pv J5 info move E9 visits 1 utility -1.11957 winrate 0.0128827 scoreMean -6.90863 scoreStdev 5.35568 scoreLead -6.90863 scoreSelfplay -7.50329 prior 3.71086e-05 lcb -1.23712 utilityLcb -4.61957 weight 6.04222 isSymmetryOf A5 order 63 pv E9 info move E1 visits 1 utility -1.11957 winrate 0.0128827 scoreMean -6.90863 scoreStdev 5.35568 scoreLead -6.90863 scoreSelfplay -7.50329 prior 3.71086e-05 lcb -1.23712 utilityLcb -4.61957 weight 6.04222 isSymmetryOf A5 order 64 pv E1 info move A2 visits 1 utility -1.1508 winrate 0.00715344 scoreMean -8.006 scoreStdev 5.09554 scoreLead -8.006 scoreSelfplay -8.50964 prior 3.63883e-05 lcb -1.24285 utilityLcb -4.6508 weight 6.34148 order 65 pv A2 info move A8 visits 1 utility -1.1508 winrate 0.00715344 scoreMean -8.006 scoreStdev 5.09554 scoreLead -8.006 scoreSelfplay -8.50964 prior 3.63883e-05 lcb -1.24285 utilityLcb -4.6508 weight 6.34148 isSymmetryOf A2 order 66 pv A8 info move J2 visits 1 utility -1.1508 winrate 0.00715344 scoreMean -8.006 scoreStdev 5.09554 scoreLead -8.006 scoreSelfplay -8.50964 prior 3.63883e-05 lcb -1.24285 utilityLcb -4.6508 weight 6.34148 isSymmetryOf A2 order 67 pv J2 info move J8 visits 1 utility -1.1508 winrate 0.00715344 scoreMean -8.006 scoreStdev 5.09554 scoreLead -8.006 scoreSelfplay -8.50964 prior 3.63883e-05 lcb -1.24285 utilityLcb -4.6508 weight 6.34148 isSymmetryOf A2 order 68 pv J8 info move H9 visits 1 utility -1.1508 winrate 0.00715344 scoreMean -8.006 scoreStdev 5.09554 scoreLead -8.006 scoreSelfplay -8.50964 prior 3.63883e-05 lcb -1.24285 utilityLcb -4.6508 weight 6.34148 isSymmetryOf A2 order 69 pv H9 info move B9 visits 1 utility -1.1508 winrate 0.00715344 scoreMean -8.006 scoreStdev 5.09554 scoreLead -8.006 scoreSelfplay -8.50964 prior 3.63883e-05 lcb -1.24285 utilityLcb -4.6508 weight 6.34148 isSymmetryOf A2 order 70 pv B9 info move H1 visits 1 utility -1.1508 winrate 0.00715344 scoreMean -8.006 scoreStdev 5.09554 scoreLead -8.006 scoreSelfplay -8.50964 prior 3.63883e-05 lcb -1.24285 utilityLcb -4.6508 weight 6.34148 isSymmetryOf A2 order 71 pv H1 info move B1 visits 1 utility -1.1508 winrate 0.00715344 scoreMean -8.006 scoreStdev 5.09554 scoreLead -8.006 scoreSelfplay -8.50964 prior 3.63883e-05 lcb -1.24285 utilityLcb -4.6508 weight 6.34148 isSymmetryOf A2 order 72 pv B1 info move A4 visits 1 utility -1.12632 winrate 0.0110506 scoreMean -7.07103 scoreStdev 5.25808 scoreLead -7.07103 scoreSelfplay -7.63252 prior 3.19037e-05 lcb -1.23895 utilityLcb -4.62632 weight 6.14715 order 73 pv A4 info move A6 visits 1 utility -1.12632 winrate 0.0110506 scoreMean -7.07103 scoreStdev 5.25808 scoreLead -7.07103 scoreSelfplay -7.63252 prior 3.19037e-05 lcb -1.23895 utilityLcb -4.62632 weight 6.14715 isSymmetryOf A4 order 74 pv A6 info move J4 visits 1 utility -1.12632 winrate 0.0110506 scoreMean -7.07103 scoreStdev 5.25808 scoreLead -7.07103 scoreSelfplay -7.63252 prior 3.19037e-05 lcb -1.23895 utilityLcb -4.62632 weight 6.14715 isSymmetryOf A4 order 75 pv J4 info move J6 visits 1 utility -1.12632 winrate 0.0110506 scoreMean -7.07103 scoreStdev 5.25808 scoreLead -7.07103 scoreSelfplay -7.63252 prior 3.19037e-05 lcb -1.23895 utilityLcb -4.62632 weight 6.14715 isSymmetryOf A4 order 76 pv J6 info move F9 visits 1 utility -1.12632 winrate 0.0110506 scoreMean -7.07103 scoreStdev 5.25808 scoreLead -7.07103 scoreSelfplay -7.63252 prior 3.19037e-05 lcb -1.23895 utilityLcb -4.62632 weight 6.14715 isSymmetryOf A4 order 77 pv F9 info move D9 visits 1 utility -1.12632 winrate 0.0110506 scoreMean -7.07103 scoreStdev 5.25808 scoreLead -7.07103 scoreSelfplay -7.63252 prior 3.19037e-05 lcb -1.23895 utilityLcb -4.62632 weight 6.14715 isSymmetryOf A4 order 78 pv D9 info move F1 visits 1 utility -1.12632 winrate 0.0110506 scoreMean -7.07103 scoreStdev 5.25808 scoreLead -7.07103 scoreSelfplay -7.63252 prior 3.19037e-05 lcb -1.23895 utilityLcb -4.62632 weight 6.14715 isSymmetryOf A4 order 79 pv F1 info move D1 visits 1 utility -1.12632 winrate 0.0110506 scoreMean -7.07103 scoreStdev 5.25808 scoreLead -7.07103 scoreSelfplay -7.63252 prior 3.19037e-05 lcb -1.23895 utilityLcb -4.62632 weight 6.14715 isSymmetryOf A4 order 80 pv D1 rootInfo visits 30 utility -0.797695 winrate 0.117318 scoreMean -0.963905 scoreStdev 8.47776 scoreLead -0.963905 scoreSelfplay -2.49141 weight 42.9157 rawStWrError 0.182135 rawStScoreError 0.574479 rawVarTimeLeft 5.18089
play C5

=
info move G6 visits 15 utility 0.778577 winrate 0.881072 scoreMean 1.20789 scoreStdev 8.32872 scoreLead 1.20789 scoreSelfplay 2.53527 prior 0.202705 lcb 0.852736 utilityLcb 0.699235 weight 26.7562 order 0 pv G6 F3 D4 G4 D7 C7 E2 info move G4 visits 15 utility 0.778577 winrate 0.881072 scoreMean 1.20789 scoreStdev 8.32872 scoreLead 1.20789 scoreSelfplay 2.53527 prior 0.202705 lcb 0.852736 utilityLcb 0.699235 weight 26.7562 isSymmetryOf G6 order 1 pv G4 F7 D6 G6 D3 C3 E8 info move C6 visits 13 utility 0.739203 winrate 0.874195 scoreMean 0.963307 scoreStdev 8.34177 scoreLead 0.963307 scoreSelfplay 2.36611 prior 0.262096 lcb 0.83523 utilityLcb 0.630098 weight 19.5348 order 2 pv C6 G6 F7 B6 C7 D5 E4 info move C4 visits 13 utility 0.739203 winrate 0.874195 scoreMean 0.963307 scoreStdev 8.34177 scoreLead 0.963307 scoreSelfplay 2.36611 prior 0.262096 lcb 0.83523 utilityLcb 0.630098 weight 19.5348 isSymmetryOf C6 order 3 pv C4 G4 F3 B4 C3 D5 E6 info move G5 visits 1 utility 0.652854 winrate 0.831889 scoreMean 0.397791 scoreStdev 7.80296 scoreLead 0.397791 scoreSelfplay 1.18466 prior 0.0254823 lcb -0.418111 utilityLcb -2.84715 weight 1.24648 order 4 pv G5 rootInfo visits 30 utility 0.767611 winrate 0.879571 scoreMean 1.10651 scoreStdev 8.34346 scoreLead 1.10651 scoreSelfplay 2.48446 weight 49.5458 rawStWrError 0.0713842 rawStScoreError 0.691725 rawVarTimeLeft 4.91429
play G6

